Analyzing ed_sentre...                                          

   info - Don't invoke 'print' in production code - lib\core\database\app_database.dart:54:13 - avoid_print
warning - Unused import: 'package:flutter/foundation.dart' - lib\core\error\error_handler.dart:2:8 - unused_import
   info - Don't invoke 'print' in production code - lib\core\monitoring\app_logger.dart:134:5 - avoid_print
   info - Don't invoke 'print' in production code - lib\core\monitoring\app_logger.dart:140:9 - avoid_print
   info - Don't invoke 'print' in production code - lib\core\monitoring\app_logger.dart:142:9 - avoid_print
   info - Don't invoke 'print' in production code - lib\core\monitoring\app_logger.dart:149:7 - avoid_print
   info - Don't invoke 'print' in production code - lib\core\monitoring\app_logger.dart:152:9 - avoid_print
   info - Don't invoke 'print' in production code - lib\core\monitoring\app_logger.dart:304:5 - avoid_print
   info - Don't invoke 'print' in production code - lib\core\monitoring\error_classifier.dart:160:5 - avoid_print
   info - Don't invoke 'print' in production code - lib\core\monitoring\journey_tracker.dart:188:5 - avoid_print
   info - Don't invoke 'print' in production code - lib\core\monitoring\journey_tracker.dart:191:7 - avoid_print
   info - Don't invoke 'print' in production code - lib\core\monitoring\journey_tracker.dart:193:9 - avoid_print
   info - Don't invoke 'print' in production code - lib\core\monitoring\journey_tracker.dart:195:11 - avoid_print
   info - Don't invoke 'print' in production code - lib\core\monitoring\journey_tracker.dart:203:5 - avoid_print
   info - Don't invoke 'print' in production code - lib\core\monitoring\journey_tracker.dart:204:5 - avoid_print
   info - Don't invoke 'print' in production code - lib\core\monitoring\journey_tracker.dart:205:5 - avoid_print
   info - Don't invoke 'print' in production code - lib\core\monitoring\journey_tracker.dart:215:7 - avoid_print
   info - Don't invoke 'print' in production code - lib\core\monitoring\journey_tracker.dart:216:7 - avoid_print
   info - Don't invoke 'print' in production code - lib\core\monitoring\journey_tracker.dart:219:9 - avoid_print
   info - Don't invoke 'print' in production code - lib\core\monitoring\journey_tracker.dart:223:9 - avoid_print
   info - Don't invoke 'print' in production code - lib\core\monitoring\journey_tracker.dart:226:7 - avoid_print
   info - Don't invoke 'print' in production code - lib\core\monitoring\journey_tracker.dart:230:5 - avoid_print
   info - Don't invoke 'print' in production code - lib\core\monitoring\system_health_monitor.dart:187:5 - avoid_print
   info - Don't invoke 'print' in production code - lib\core\monitoring\system_health_monitor.dart:210:5 - avoid_print
   info - Don't invoke 'print' in production code - lib\core\monitoring\system_health_monitor.dart:211:5 - avoid_print
   info - Don't invoke 'print' in production code - lib\core\monitoring\system_health_monitor.dart:212:5 - avoid_print
   info - Don't invoke 'print' in production code - lib\core\monitoring\system_health_monitor.dart:213:5 - avoid_print
   info - Don't invoke 'print' in production code - lib\core\monitoring\system_health_monitor.dart:218:5 - avoid_print
   info - Don't invoke 'print' in production code - lib\core\monitoring\system_health_monitor.dart:223:5 - avoid_print
   info - Don't invoke 'print' in production code - lib\core\monitoring\system_health_monitor.dart:228:5 - avoid_print
   info - Don't invoke 'print' in production code - lib\core\monitoring\system_health_monitor.dart:233:5 - avoid_print
   info - Don't invoke 'print' in production code - lib\core\monitoring\system_health_monitor.dart:234:5 - avoid_print
   info - Don't invoke 'print' in production code - lib\core\monitoring\system_health_monitor.dart:235:5 - avoid_print
   info - Don't invoke 'print' in production code - lib\core\monitoring\system_health_monitor.dart:236:5 - avoid_print
   info - Unnecessary braces in a string interpolation - lib\core\providers\center_provider.dart:75:58 - unnecessary_brace_in_string_interps
   info - Unnecessary braces in a string interpolation - lib\core\providers\center_provider.dart:75:77 - unnecessary_brace_in_string_interps
   info - Unnecessary braces in a string interpolation - lib\core\providers\center_provider.dart:75:96 - unnecessary_brace_in_string_interps
   info - Unnecessary braces in a string interpolation - lib\core\providers\center_provider.dart:75:114 - unnecessary_brace_in_string_interps
warning - Unused import: '../../features/reports/presentation/screens/comprehensive_reports_screen.dart' - lib\core\routing\app_router.dart:20:8 - unused_import
   info - 'Share' is deprecated and shouldn't be used. Use SharePlus instead - lib\core\services\backup_service.dart:257:28 - deprecated_member_use
   info - 'shareXFiles' is deprecated and shouldn't be used. Use SharePlus.instance.share() instead - lib\core\services\backup_service.dart:257:34 - deprecated_member_use
warning - The value of the field '_sessionKey' isn't used - lib\core\storage\secure_local_storage.dart:9:23 - unused_field
warning - The declaration '_clearLocalStorage' isn't referenced - lib\core\supabase\auth_service.dart:421:23 - unused_element
   info - Don't invoke 'print' in production code - lib\core\supabase\environment.dart:38:7 - avoid_print
   info - Don't invoke 'print' in production code - lib\core\supabase\environment.dart:39:7 - avoid_print
   info - Don't invoke 'print' in production code - lib\core\supabase\environment.dart:40:7 - avoid_print
   info - Don't invoke 'print' in production code - lib\core\supabase\environment.dart:41:7 - avoid_print
   info - Don't invoke 'print' in production code - lib\core\supabase\environment.dart:42:7 - avoid_print
   info - Don't invoke 'print' in production code - lib\core\supabase\supabase_client.dart:46:7 - avoid_print
   info - Don't invoke 'print' in production code - lib\core\supabase\supabase_client.dart:47:7 - avoid_print
   info - Don't invoke 'print' in production code - lib\core\supabase\supabase_client.dart:48:7 - avoid_print
   info - Don't invoke 'print' in production code - lib\core\supabase\supabase_client.dart:49:7 - avoid_print
   info - Don't invoke 'print' in production code - lib\core\supabase\supabase_client.dart:50:7 - avoid_print
   info - Don't invoke 'print' in production code - lib\core\supabase\supabase_client.dart:51:7 - avoid_print
   info - Don't invoke 'print' in production code - lib\core\supabase\supabase_client.dart:52:7 - avoid_print
   info - Don't invoke 'print' in production code - lib\core\supabase\supabase_client.dart:93:7 - avoid_print
   info - Don't invoke 'print' in production code - lib\core\supabase\supabase_client.dart:99:9 - avoid_print
   info - Don't invoke 'print' in production code - lib\core\supabase\supabase_client.dart:103:9 - avoid_print
   info - Don't invoke 'print' in production code - lib\core\supabase\supabase_client.dart:104:9 - avoid_print
   info - Don't invoke 'print' in production code - lib\core\supabase\supabase_config.dart:23:7 - avoid_print
warning - Unused import: '../../features/groups/data/sources/groups_remote_source.dart' - lib\core\sync\sync_service.dart:13:8 - unused_import
   info - The type of the right operand ('String') isn't a subtype or a supertype of the left operand ('AuthChangeEvent') - lib\core\sync\sync_service.dart:76:56 - unrelated_type_equality_checks
   info - The type of the right operand ('String') isn't a subtype or a supertype of the left operand ('AuthChangeEvent') - lib\core\sync\sync_service.dart:82:34 - unrelated_type_equality_checks
warning - The declaration '_processSyncQueue' isn't referenced - lib\core\sync\sync_service.dart:280:16 - unused_element
warning - The left operand can't be null, so the right operand is never executed - lib\core\sync\sync_service.dart:403:41 - dead_null_aware_expression
warning - The left operand can't be null, so the right operand is never executed - lib\core\sync\sync_service.dart:405:37 - dead_null_aware_expression
warning - The declaration '_resolveConflicts' isn't referenced - lib\core\sync\sync_service.dart:746:16 - unused_element
warning - The declaration '_retryWithBackoff' isn't referenced - lib\core\sync\sync_service.dart:785:16 - unused_element
warning - The left operand can't be null, so the right operand is never executed - lib\core\sync\sync_service.dart:846:41 - dead_null_aware_expression
warning - The left operand can't be null, so the right operand is never executed - lib\core\sync\sync_service.dart:848:37 - dead_null_aware_expression
   info - Dangling library doc comment - lib\core\utils\form_utils.dart:1:1 - dangling_library_doc_comments
   info - Dangling library doc comment - lib\core\utils\loading_state.dart:1:1 - dangling_library_doc_comments
   info - Dangling library doc comment - lib\core\validation\form_validators.dart:1:1 - dangling_library_doc_comments
   info - Statements in an if should be enclosed in a block - lib\features\attendance\bloc\attendance_bloc.dart:177:7 - curly_braces_in_flow_control_structures
   info - Statements in an if should be enclosed in a block - lib\features\attendance\bloc\attendance_bloc.dart:185:7 - curly_braces_in_flow_control_structures
   info - Statements in an if should be enclosed in a block - lib\features\attendance\bloc\attendance_bloc.dart:193:7 - curly_braces_in_flow_control_structures
   info - Statements in an if should be enclosed in a block - lib\features\attendance\bloc\attendance_bloc.dart:199:7 - curly_braces_in_flow_control_structures
   info - Statements in an if should be enclosed in a block - lib\features\attendance\bloc\attendance_bloc.dart:294:11 - curly_braces_in_flow_control_structures
warning - Unused import: 'package:supabase_flutter/supabase_flutter.dart' - lib\features\attendance\data\sources\attendance_remote_source.dart:2:8 - unused_import
warning - The value of the field '_uuid' isn't used - lib\features\attendance\data\sources\attendance_remote_source.dart:9:9 - unused_field
   info - 'withOpacity' is deprecated and shouldn't be used. Use .withValues() to avoid precision loss - lib\features\attendance\presentation\enhanced_attendance_screen.dart:298:34 - deprecated_member_use
   info - 'withOpacity' is deprecated and shouldn't be used. Use .withValues() to avoid precision loss - lib\features\attendance\presentation\enhanced_attendance_screen.dart:394:56 - deprecated_member_use
   info - 'withOpacity' is deprecated and shouldn't be used. Use .withValues() to avoid precision loss - lib\features\attendance\presentation\enhanced_attendance_screen.dart:438:54 - deprecated_member_use
warning - Unused import: '../../../../shared/widgets/buttons/app_button.dart' - lib\features\attendance\presentation\screens\attendance_screen.dart:10:8 - unused_import
warning - The declaration '_showEditDialog' isn't referenced - lib\features\attendance\presentation\screens\attendance_screen.dart:190:8 - unused_element
   info - Don't use 'BuildContext's across async gaps - lib\features\attendance\presentation\screens\qr_attendance_screen.dart:226:15 - use_build_context_synchronously
warning - The value of the local variable 'opensAt' isn't used - lib\features\attendance\presentation\screens\qr_attendance_screen.dart:343:11 - unused_local_variable
   info - 'withOpacity' is deprecated and shouldn't be used. Use .withValues() to avoid precision loss - lib\features\attendance\presentation\screens\qr_attendance_screen.dart:365:36 - deprecated_member_use
   info - 'withOpacity' is deprecated and shouldn't be used. Use .withValues() to avoid precision loss - lib\features\attendance\presentation\screens\qr_attendance_screen.dart:367:55 - deprecated_member_use
   info - 'withOpacity' is deprecated and shouldn't be used. Use .withValues() to avoid precision loss - lib\features\attendance\presentation\screens\qr_attendance_screen.dart:637:56 - deprecated_member_use
   info - 'withOpacity' is deprecated and shouldn't be used. Use .withValues() to avoid precision loss - lib\features\attendance\presentation\screens\qr_attendance_screen.dart:640:58 - deprecated_member_use
   info - The import of 'package:provider/provider.dart' is unnecessary because all of the used elements are also provided by the import of 'package:flutter_bloc/flutter_bloc.dart' - lib\features\attendance\presentation\screens\take_attendance_screen.dart:4:8 - unnecessary_import
warning - Unused import: '../../../../shared/models/billing_models.dart' - lib\features\attendance\presentation\screens\take_attendance_screen.dart:14:8 - unused_import
   info - Don't use 'BuildContext's across async gaps - lib\features\attendance\presentation\screens\take_attendance_screen.dart:144:21 - use_build_context_synchronously
warning - The value of the local variable 'graceSessions' isn't used - lib\features\attendance\presentation\screens\take_attendance_screen.dart:526:11 - unused_local_variable
warning - The value of the local variable 'maxDebt' isn't used - lib\features\attendance\presentation\screens\take_attendance_screen.dart:527:11 - unused_local_variable
   info - 'withOpacity' is deprecated and shouldn't be used. Use .withValues() to avoid precision loss - lib\features\attendance\presentation\screens\take_attendance_screen.dart:536:32 - deprecated_member_use
warning - The member 'emit' can only be used within 'package:bloc/src/bloc.dart' or a test - lib\features\auth\bloc\auth_bloc.dart:144:9 - invalid_use_of_visible_for_testing_member
   info - 'withOpacity' is deprecated and shouldn't be used. Use .withValues() to avoid precision loss - lib\features\auth\presentation\screens\login_screen.dart:180:51 - deprecated_member_use
   info - 'withOpacity' is deprecated and shouldn't be used. Use .withValues() to avoid precision loss - lib\features\auth\presentation\screens\login_screen.dart:208:51 - deprecated_member_use
warning - Unused import: 'package:flutter/foundation.dart' - lib\features\dashboard\bloc\dashboard_bloc.dart:6:8 - unused_import
warning - Unused import: 'package:supabase_flutter/supabase_flutter.dart' - lib\features\dashboard\data\sources\dashboard_remote_source.dart:2:8 - unused_import
   info - The import of 'package:provider/provider.dart' is unnecessary because all of the used elements are also provided by the import of 'package:flutter_bloc/flutter_bloc.dart' - lib\features\dashboard\presentation\screens\dashboard_screen.dart:5:8 - unnecessary_import
warning - Unused import: '../../../../shared/models/billing_models.dart' - lib\features\dashboard\presentation\screens\dashboard_screen.dart:17:8 - unused_import
   info - 'withOpacity' is deprecated and shouldn't be used. Use .withValues() to avoid precision loss - lib\features\dashboard\presentation\screens\dashboard_screen.dart:52:39 - deprecated_member_use
warning - The value of the local variable 'padding' isn't used - lib\features\dashboard\presentation\screens\dashboard_screen.dart:161:11 - unused_local_variable
   info - Use a 'SizedBox' to add whitespace to a layout - lib\features\dashboard\presentation\screens\dashboard_screen.dart:251:31 - sized_box_for_whitespace
   info - 'withOpacity' is deprecated and shouldn't be used. Use .withValues() to avoid precision loss - lib\features\dashboard\presentation\screens\dashboard_screen.dart:301:57 - deprecated_member_use
   info - 'withOpacity' is deprecated and shouldn't be used. Use .withValues() to avoid precision loss - lib\features\dashboard\presentation\screens\dashboard_screen.dart:325:56 - deprecated_member_use
   info - 'withOpacity' is deprecated and shouldn't be used. Use .withValues() to avoid precision loss - lib\features\dashboard\presentation\screens\dashboard_screen.dart:348:52 - deprecated_member_use
   info - 'withOpacity' is deprecated and shouldn't be used. Use .withValues() to avoid precision loss - lib\features\dashboard\presentation\screens\dashboard_screen.dart:462:38 - deprecated_member_use
   info - 'withOpacity' is deprecated and shouldn't be used. Use .withValues() to avoid precision loss - lib\features\dashboard\presentation\screens\dashboard_screen.dart:483:45 - deprecated_member_use
   info - 'withOpacity' is deprecated and shouldn't be used. Use .withValues() to avoid precision loss - lib\features\dashboard\presentation\screens\dashboard_screen.dart:524:41 - deprecated_member_use
   info - 'withOpacity' is deprecated and shouldn't be used. Use .withValues() to avoid precision loss - lib\features\dashboard\presentation\screens\dashboard_screen.dart:536:41 - deprecated_member_use
   info - 'withOpacity' is deprecated and shouldn't be used. Use .withValues() to avoid precision loss - lib\features\dashboard\presentation\screens\dashboard_screen.dart:538:60 - deprecated_member_use
   info - 'withOpacity' is deprecated and shouldn't be used. Use .withValues() to avoid precision loss - lib\features\dashboard\presentation\screens\dashboard_screen.dart:575:41 - deprecated_member_use
   info - 'withOpacity' is deprecated and shouldn't be used. Use .withValues() to avoid precision loss - lib\features\dashboard\presentation\screens\dashboard_screen.dart:946:48 - deprecated_member_use
warning - The left operand can't be null, so the right operand is never executed - lib\features\dashboard\presentation\screens\dashboard_screen.dart:951:54 - dead_null_aware_expression
warning - The left operand can't be null, so the right operand is never executed - lib\features\dashboard\presentation\screens\dashboard_screen.dart:952:57 - dead_null_aware_expression
warning - The left operand can't be null, so the right operand is never executed - lib\features\dashboard\presentation\screens\dashboard_screen.dart:954:42 - dead_null_aware_expression
   info - 'withOpacity' is deprecated and shouldn't be used. Use .withValues() to avoid precision loss - lib\features\dashboard\presentation\screens\dashboard_screen.dart:1034:56 - deprecated_member_use
   info - 'withOpacity' is deprecated and shouldn't be used. Use .withValues() to avoid precision loss - lib\features\dashboard\presentation\screens\dashboard_screen.dart:1120:54 - deprecated_member_use
warning - The left operand can't be null, so the right operand is never executed - lib\features\dashboard\presentation\screens\dashboard_screen.dart:1127:54 - dead_null_aware_expression
   info - 'withOpacity' is deprecated and shouldn't be used. Use .withValues() to avoid precision loss - lib\features\dashboard\presentation\widgets\center_pulse_widget.dart:78:33 - deprecated_member_use
warning - Unused import: '../../../../core/constants/app_colors.dart' - lib\features\dashboard\presentation\widgets\financial_forecast_widget.dart:2:8 - unused_import
warning - The value of the field '_uuid' isn't used - lib\features\groups\data\sources\groups_remote_source.dart:9:9 - unused_field
   info - Unnecessary braces in a string interpolation - lib\features\groups\data\sources\groups_remote_source.dart:247:36 - unnecessary_brace_in_string_interps
   info - Unnecessary braces in a string interpolation - lib\features\groups\data\sources\groups_remote_source.dart:247:52 - unnecessary_brace_in_string_interps
warning - The value of the local variable 'groupEndTime' isn't used - lib\features\groups\data\sources\groups_remote_source.dart:438:13 - unused_local_variable
warning - The operand can't be 'null', so the condition is always 'true' - lib\features\groups\data\sources\groups_remote_source.dart:597:69 - unnecessary_null_comparison
   info - Unnecessary use of string interpolation - lib\features\groups\data\sources\groups_remote_source.dart:729:34 - unnecessary_string_interpolations
   info - Statements in an if should be enclosed in a block - lib\features\groups\presentation\add_edit_group_dialog.dart:165:33 - curly_braces_in_flow_control_structures
   info - 'withOpacity' is deprecated and shouldn't be used. Use .withValues() to avoid precision loss - lib\features\groups\presentation\add_edit_group_dialog.dart:192:35 - deprecated_member_use
   info - 'withOpacity' is deprecated and shouldn't be used. Use .withValues() to avoid precision loss - lib\features\groups\presentation\add_edit_group_dialog.dart:218:39 - deprecated_member_use
   info - 'withOpacity' is deprecated and shouldn't be used. Use .withValues() to avoid precision loss - lib\features\groups\presentation\add_edit_group_dialog.dart:447:58 - deprecated_member_use
   info - 'withOpacity' is deprecated and shouldn't be used. Use .withValues() to avoid precision loss - lib\features\groups\presentation\add_edit_group_dialog.dart:486:30 - deprecated_member_use
   info - Statements in an if should be enclosed in a block - lib\features\groups\presentation\add_edit_group_dialog.dart:873:9 - curly_braces_in_flow_control_structures
warning - Unused import: '../../../core/constants/app_colors.dart' - lib\features\groups\presentation\group_details_screen.dart:9:8 - unused_import
warning - Unused import: '../../../core/constants/app_spacing.dart' - lib\features\groups\presentation\group_details_screen.dart:10:8 - unused_import
warning - Unused import: '../../../core/providers/center_provider.dart' - lib\features\groups\presentation\group_details_screen.dart:11:8 - unused_import
  error - Target of URI doesn't exist: '../../../shared/data/supabase_repository.dart' - lib\features\groups\presentation\group_details_screen.dart:13:8 - uri_does_not_exist
warning - Unused import: 'add_edit_group_dialog.dart' - lib\features\groups\presentation\group_details_screen.dart:17:8 - unused_import
   info - 'withOpacity' is deprecated and shouldn't be used. Use .withValues() to avoid precision loss - lib\features\groups\presentation\group_details_screen.dart:179:29 - deprecated_member_use
   info - 'withOpacity' is deprecated and shouldn't be used. Use .withValues() to avoid precision loss - lib\features\groups\presentation\group_details_screen.dart:181:48 - deprecated_member_use
   info - 'withOpacity' is deprecated and shouldn't be used. Use .withValues() to avoid precision loss - lib\features\groups\presentation\group_details_screen.dart:252:56 - deprecated_member_use
   info - Don't use 'BuildContext's across async gaps, guarded by an unrelated 'mounted' check - lib\features\groups\presentation\group_details_screen.dart:683:39 - use_build_context_synchronously
   info - Don't use 'BuildContext's across async gaps, guarded by an unrelated 'mounted' check - lib\features\groups\presentation\group_details_screen.dart:685:46 - use_build_context_synchronously
   info - Don't use 'BuildContext's across async gaps, guarded by an unrelated 'mounted' check - lib\features\groups\presentation\group_details_screen.dart:694:25 - use_build_context_synchronously
   info - Don't use 'BuildContext's across async gaps - lib\features\groups\presentation\group_details_screen.dart:738:30 - use_build_context_synchronously
   info - Don't use 'BuildContext's across async gaps - lib\features\groups\presentation\group_details_screen.dart:746:11 - use_build_context_synchronously
warning - Unused import: '../../../shared/models/billing_models.dart' - lib\features\groups\presentation\groups_management_screen.dart:12:8 - unused_import
warning - The value of the field '_searchQuery' isn't used - lib\features\groups\presentation\groups_management_screen.dart:34:10 - unused_field
   info - 'withOpacity' is deprecated and shouldn't be used. Use .withValues() to avoid precision loss - lib\features\groups\presentation\groups_management_screen.dart:190:56 - deprecated_member_use
   info - 'withOpacity' is deprecated and shouldn't be used. Use .withValues() to avoid precision loss - lib\features\groups\presentation\groups_management_screen.dart:391:20 - deprecated_member_use
   info - 'withOpacity' is deprecated and shouldn't be used. Use .withValues() to avoid precision loss - lib\features\groups\presentation\groups_management_screen.dart:394:39 - deprecated_member_use
warning - The value of the local variable 'isDark' isn't used - lib\features\groups\presentation\groups_management_screen.dart:586:11 - unused_local_variable
   info - 'withOpacity' is deprecated and shouldn't be used. Use .withValues() to avoid precision loss - lib\features\groups\presentation\groups_management_screen.dart:593:59 - deprecated_member_use
   info - 'withOpacity' is deprecated and shouldn't be used. Use .withValues() to avoid precision loss - lib\features\groups\presentation\groups_management_screen.dart:609:60 - deprecated_member_use
   info - 'withOpacity' is deprecated and shouldn't be used. Use .withValues() to avoid precision loss - lib\features\groups\presentation\groups_management_screen.dart:639:66 - deprecated_member_use
   info - 'withOpacity' is deprecated and shouldn't be used. Use .withValues() to avoid precision loss - lib\features\groups\presentation\groups_management_screen.dart:655:60 - deprecated_member_use
   info - 'withOpacity' is deprecated and shouldn't be used. Use .withValues() to avoid precision loss - lib\features\groups\presentation\groups_management_screen.dart:658:62 - deprecated_member_use
   info - 'withOpacity' is deprecated and shouldn't be used. Use .withValues() to avoid precision loss - lib\features\groups\presentation\groups_management_screen.dart:809:22 - deprecated_member_use
warning - Unused import: 'package:go_router/go_router.dart' - lib\features\groups\presentation\widgets\groups_list.dart:3:8 - unused_import
warning - Unused import: '../../../../core/constants/app_spacing.dart' - lib\features\groups\presentation\widgets\smart_enrollment_dialog.dart:16:8 - unused_import
   info - 'withOpacity' is deprecated and shouldn't be used. Use .withValues() to avoid precision loss - lib\features\groups\presentation\widgets\smart_enrollment_dialog.dart:397:39 - deprecated_member_use
   info - 'withOpacity' is deprecated and shouldn't be used. Use .withValues() to avoid precision loss - lib\features\groups\presentation\widgets\smart_enrollment_dialog.dart:441:29 - deprecated_member_use
   info - 'withOpacity' is deprecated and shouldn't be used. Use .withValues() to avoid precision loss - lib\features\groups\presentation\widgets\smart_enrollment_dialog.dart:642:40 - deprecated_member_use
   info - 'withOpacity' is deprecated and shouldn't be used. Use .withValues() to avoid precision loss - lib\features\groups\presentation\widgets\smart_enrollment_dialog.dart:682:54 - deprecated_member_use
   info - 'withOpacity' is deprecated and shouldn't be used. Use .withValues() to avoid precision loss - lib\features\groups\presentation\widgets\smart_enrollment_dialog.dart:814:33 - deprecated_member_use
   info - Statements in an if should be enclosed in a block - lib\features\groups\presentation\widgets\smart_enrollment_dialog.dart:891:35 - curly_braces_in_flow_control_structures
   info - 'withOpacity' is deprecated and shouldn't be used. Use .withValues() to avoid precision loss - lib\features\messages\presentation\screens\messages_screen.dart:121:50 - deprecated_member_use
warning - Unused import: 'package:flutter/foundation.dart' - lib\features\notifications\data\repositories\notifications_repository.dart:1:8 - unused_import
  error - Target of URI doesn't exist: '../../../shared/data/i_data_repository.dart' - lib\features\payments\bloc\payments_bloc.dart:4:8 - uri_does_not_exist
  error - Undefined class 'IDataRepository' - lib\features\payments\bloc\payments_bloc.dart:164:9 - undefined_class
   info - Don't invoke 'print' in production code - lib\features\payments\bloc\payments_bloc.dart:238:7 - avoid_print
   info - Don't invoke 'print' in production code - lib\features\payments\bloc\payments_bloc.dart:239:7 - avoid_print
   info - Don't invoke 'print' in production code - lib\features\payments\bloc\payments_bloc.dart:240:7 - avoid_print
   info - Don't invoke 'print' in production code - lib\features\payments\bloc\payments_bloc.dart:241:7 - avoid_print
   info - Don't invoke 'print' in production code - lib\features\payments\bloc\payments_bloc.dart:242:7 - avoid_print
   info - Don't invoke 'print' in production code - lib\features\payments\bloc\payments_bloc.dart:246:9 - avoid_print
   info - Don't invoke 'print' in production code - lib\features\payments\bloc\payments_bloc.dart:262:9 - avoid_print
   info - Don't invoke 'print' in production code - lib\features\payments\bloc\payments_bloc.dart:265:9 - avoid_print
   info - Don't invoke 'print' in production code - lib\features\payments\bloc\payments_bloc.dart:266:9 - avoid_print
   info - Don't invoke 'print' in production code - lib\features\payments\bloc\payments_bloc.dart:269:11 - avoid_print
   info - Don't invoke 'print' in production code - lib\features\payments\bloc\payments_bloc.dart:293:9 - avoid_print
   info - Don't invoke 'print' in production code - lib\features\payments\bloc\payments_bloc.dart:295:9 - avoid_print
   info - Don't invoke 'print' in production code - lib\features\payments\bloc\payments_bloc.dart:301:7 - avoid_print
   info - Don't invoke 'print' in production code - lib\features\payments\bloc\payments_bloc.dart:304:7 - avoid_print
   info - Don't invoke 'print' in production code - lib\features\payments\bloc\payments_bloc.dart:314:7 - avoid_print
   info - Don't invoke 'print' in production code - lib\features\payments\bloc\payments_bloc.dart:315:7 - avoid_print
   info - Don't invoke 'print' in production code - lib\features\payments\bloc\payments_bloc.dart:316:7 - avoid_print
   info - Don't invoke 'print' in production code - lib\features\payments\bloc\payments_bloc.dart:317:7 - avoid_print
   info - Don't invoke 'print' in production code - lib\features\payments\bloc\payments_bloc.dart:330:7 - avoid_print
   info - Don't invoke 'print' in production code - lib\features\payments\bloc\payments_bloc.dart:332:7 - avoid_print
   info - Don't invoke 'print' in production code - lib\features\payments\bloc\payments_bloc.dart:335:7 - avoid_print
   info - Don't invoke 'print' in production code - lib\features\payments\bloc\payments_bloc.dart:338:7 - avoid_print
  error - The method 'addPaymentToInvoice' isn't defined for the type 'PaymentsRemoteSource' - lib\features\payments\data\repositories\payment_repository.dart:160:25 - undefined_method
  error - The method 'recalculateInvoice' isn't defined for the type 'PaymentsRemoteSource' - lib\features\payments\data\repositories\payment_repository.dart:170:25 - undefined_method
warning - Unused import: 'package:supabase_flutter/supabase_flutter.dart' - lib\features\payments\data\sources\expenses_remote_source.dart:2:8 - unused_import
warning - Unused import: 'package:supabase_flutter/supabase_flutter.dart' - lib\features\payments\data\sources\payments_remote_source.dart:2:8 - unused_import
   info - Statements in an if should be enclosed in a block - lib\features\payments\data\sources\payments_remote_source.dart:204:7 - curly_braces_in_flow_control_structures
warning - Unused import: '../../../../shared/models/billing_models.dart' - lib\features\payments\presentation\screens\payments_screen.dart:14:8 - unused_import
  error - Target of URI doesn't exist: '../../../../shared/data/i_data_repository.dart' - lib\features\payments\presentation\screens\payments_screen.dart:15:8 - uri_does_not_exist
warning - Unused import: '../../data/repositories/payment_repository.dart' - lib\features\payments\presentation\screens\payments_screen.dart:16:8 - unused_import
warning - Unused import: '../../data/repositories/expenses_repository.dart' - lib\features\payments\presentation\screens\payments_screen.dart:17:8 - unused_import
warning - Unused import: '../../../students/data/repositories/students_repository.dart' - lib\features\payments\presentation\screens\payments_screen.dart:18:8 - unused_import
  error - The name 'IDataRepository' isn't a type, so it can't be used as a type argument - lib\features\payments\presentation\screens\payments_screen.dart:43:22 - non_type_as_type_argument
   info - The import of 'package:flutter/services.dart' is unnecessary because all of the used elements are also provided by the import of 'package:flutter/material.dart' - lib\features\payments\presentation\screens\record_payment_screen.dart:6:8 - unnecessary_import
warning - Unused import: '../../../../core/database/app_database.dart' - lib\features\payments\presentation\screens\record_payment_screen.dart:9:8 - unused_import
warning - Unused import: 'package:intl/intl.dart' - lib\features\payments\presentation\screens\record_payment_screen.dart:11:8 - unused_import
   info - The import of '../../../../shared/models/payment_models.dart' is unnecessary because all of the used elements are also provided by the import of '../../../../shared/models/models.dart' - lib\features\payments\presentation\screens\record_payment_screen.dart:13:8 - unnecessary_import
warning - Unused import: '../../../../core/supabase/supabase_client.dart' - lib\features\payments\presentation\screens\record_payment_screen.dart:17:8 - unused_import
   info - The private field _isFetchingDetails could be 'final' - lib\features\payments\presentation\screens\record_payment_screen.dart:50:8 - prefer_final_fields
warning - The value of the local variable 'isMixed' isn't used - lib\features\payments\presentation\screens\record_payment_screen.dart:274:11 - unused_local_variable
   info - 'withOpacity' is deprecated and shouldn't be used. Use .withValues() to avoid precision loss - lib\features\payments\presentation\screens\record_payment_screen.dart:325:41 - deprecated_member_use
   info - 'withOpacity' is deprecated and shouldn't be used. Use .withValues() to avoid precision loss - lib\features\payments\presentation\screens\record_payment_screen.dart:326:41 - deprecated_member_use
   info - 'withOpacity' is deprecated and shouldn't be used. Use .withValues() to avoid precision loss - lib\features\payments\presentation\screens\record_payment_screen.dart:328:40 - deprecated_member_use
   info - 'withOpacity' is deprecated and shouldn't be used. Use .withValues() to avoid precision loss - lib\features\payments\presentation\screens\record_payment_screen.dart:335:41 - deprecated_member_use
   info - 'withOpacity' is deprecated and shouldn't be used. Use .withValues() to avoid precision loss - lib\features\payments\presentation\screens\record_payment_screen.dart:427:56 - deprecated_member_use
   info - 'withOpacity' is deprecated and shouldn't be used. Use .withValues() to avoid precision loss - lib\features\payments\presentation\screens\record_payment_screen.dart:466:64 - deprecated_member_use
   info - 'withOpacity' is deprecated and shouldn't be used. Use .withValues() to avoid precision loss - lib\features\payments\presentation\screens\record_payment_screen.dart:501:51 - deprecated_member_use
   info - 'withOpacity' is deprecated and shouldn't be used. Use .withValues() to avoid precision loss - lib\features\payments\presentation\screens\record_payment_screen.dart:599:49 - deprecated_member_use
   info - 'withOpacity' is deprecated and shouldn't be used. Use .withValues() to avoid precision loss - lib\features\payments\presentation\screens\record_payment_screen.dart:642:33 - deprecated_member_use
   info - 'withOpacity' is deprecated and shouldn't be used. Use .withValues() to avoid precision loss - lib\features\payments\presentation\screens\record_payment_screen.dart:660:45 - deprecated_member_use
   info - 'withOpacity' is deprecated and shouldn't be used. Use .withValues() to avoid precision loss - lib\features\payments\presentation\screens\record_payment_screen.dart:945:58 - deprecated_member_use
   info - The import of '../../../../shared/models/payment_models.dart' is unnecessary because all of the used elements are also provided by the import of '../../../../shared/models/models.dart' - lib\features\payments\presentation\widgets\smart_payment_item_card.dart:4:8 - unnecessary_import
warning - Unused import: '../../../../core/constants/app_spacing.dart' - lib\features\payments\presentation\widgets\smart_payment_item_card.dart:6:8 - unused_import
   info - 'withOpacity' is deprecated and shouldn't be used. Use .withValues() to avoid precision loss - lib\features\payments\presentation\widgets\smart_payment_item_card.dart:80:52 - deprecated_member_use
warning - Unused import: 'package:flutter_bloc/flutter_bloc.dart' - lib\features\profile\presentation\screens\profile_screen.dart:5:8 - unused_import
   info - 'withOpacity' is deprecated and shouldn't be used. Use .withValues() to avoid precision loss - lib\features\profile\presentation\screens\profile_screen.dart:159:37 - deprecated_member_use
   info - 'withOpacity' is deprecated and shouldn't be used. Use .withValues() to avoid precision loss - lib\features\profile\presentation\screens\profile_screen.dart:169:52 - deprecated_member_use
   info - 'withOpacity' is deprecated and shouldn't be used. Use .withValues() to avoid precision loss - lib\features\profile\presentation\screens\profile_screen.dart:206:44 - deprecated_member_use
   info - 'withOpacity' is deprecated and shouldn't be used. Use .withValues() to avoid precision loss - lib\features\profile\presentation\screens\profile_screen.dart:306:42 - deprecated_member_use
   info - 'withOpacity' is deprecated and shouldn't be used. Use .withValues() to avoid precision loss - lib\features\profile\presentation\screens\profile_screen.dart:306:79 - deprecated_member_use
   info - 'withOpacity' is deprecated and shouldn't be used. Use .withValues() to avoid precision loss - lib\features\profile\presentation\screens\profile_screen.dart:309:63 - deprecated_member_use
   info - 'withOpacity' is deprecated and shouldn't be used. Use .withValues() to avoid precision loss - lib\features\profile\presentation\screens\profile_screen.dart:313:63 - deprecated_member_use
   info - 'withOpacity' is deprecated and shouldn't be used. Use .withValues() to avoid precision loss - lib\features\profile\presentation\screens\profile_screen.dart:329:44 - deprecated_member_use
   info - 'withOpacity' is deprecated and shouldn't be used. Use .withValues() to avoid precision loss - lib\features\profile\presentation\screens\profile_screen.dart:340:45 - deprecated_member_use
   info - 'withOpacity' is deprecated and shouldn't be used. Use .withValues() to avoid precision loss - lib\features\profile\presentation\screens\profile_screen.dart:340:77 - deprecated_member_use
   info - 'withOpacity' is deprecated and shouldn't be used. Use .withValues() to avoid precision loss - lib\features\profile\presentation\screens\profile_screen.dart:344:31 - deprecated_member_use
   info - 'withOpacity' is deprecated and shouldn't be used. Use .withValues() to avoid precision loss - lib\features\profile\presentation\screens\profile_screen.dart:350:38 - deprecated_member_use
   info - 'withOpacity' is deprecated and shouldn't be used. Use .withValues() to avoid precision loss - lib\features\profile\presentation\screens\profile_screen.dart:350:71 - deprecated_member_use
warning - The declaration '_getCenterId' isn't referenced - lib\features\reports\data\reports_repository.dart:7:19 - unused_element
   info - Statements in an if should be enclosed in a block - lib\features\reports\data\reports_repository.dart:92:11 - curly_braces_in_flow_control_structures
   info - Statements in an if should be enclosed in a block - lib\features\reports\data\reports_repository.dart:94:11 - curly_braces_in_flow_control_structures
   info - Statements in an if should be enclosed in a block - lib\features\reports\data\reports_repository.dart:96:11 - curly_braces_in_flow_control_structures
   info - Statements in an if should be enclosed in a block - lib\features\reports\data\reports_repository.dart:98:11 - curly_braces_in_flow_control_structures
   info - Statements in an if should be enclosed in a block - lib\features\reports\data\reports_repository.dart:202:11 - curly_braces_in_flow_control_structures
   info - Statements in an if should be enclosed in a block - lib\features\reports\data\reports_repository.dart:204:11 - curly_braces_in_flow_control_structures
   info - Statements in an if should be enclosed in a block - lib\features\reports\data\reports_repository.dart:383:11 - curly_braces_in_flow_control_structures
warning - The receiver can't be null, so the null-aware operator '?.' is unnecessary - lib\features\reports\data\reports_repository.dart:414:27 - invalid_null_aware_operator
   info - The import of 'package:provider/provider.dart' is unnecessary because all of the used elements are also provided by the import of 'package:flutter_bloc/flutter_bloc.dart' - lib\features\reports\presentation\screens\analytics_dashboard_screen.dart:4:8 - unnecessary_import
   info - 'withOpacity' is deprecated and shouldn't be used. Use .withValues() to avoid precision loss - lib\features\reports\presentation\screens\analytics_dashboard_screen.dart:147:31 - deprecated_member_use
   info - 'withOpacity' is deprecated and shouldn't be used. Use .withValues() to avoid precision loss - lib\features\reports\presentation\screens\analytics_dashboard_screen.dart:148:33 - deprecated_member_use
   info - 'withOpacity' is deprecated and shouldn't be used. Use .withValues() to avoid precision loss - lib\features\reports\presentation\screens\analytics_dashboard_screen.dart:153:36 - deprecated_member_use
   info - 'withOpacity' is deprecated and shouldn't be used. Use .withValues() to avoid precision loss - lib\features\reports\presentation\screens\analytics_dashboard_screen.dart:158:38 - deprecated_member_use
   info - 'withOpacity' is deprecated and shouldn't be used. Use .withValues() to avoid precision loss - lib\features\reports\presentation\screens\analytics_dashboard_screen.dart:180:56 - deprecated_member_use
   info - 'withOpacity' is deprecated and shouldn't be used. Use .withValues() to avoid precision loss - lib\features\reports\presentation\screens\analytics_dashboard_screen.dart:228:29 - deprecated_member_use
   info - 'withOpacity' is deprecated and shouldn't be used. Use .withValues() to avoid precision loss - lib\features\reports\presentation\screens\analytics_dashboard_screen.dart:314:33 - deprecated_member_use
   info - 'withOpacity' is deprecated and shouldn't be used. Use .withValues() to avoid precision loss - lib\features\reports\presentation\screens\analytics_dashboard_screen.dart:364:37 - deprecated_member_use
   info - 'withOpacity' is deprecated and shouldn't be used. Use .withValues() to avoid precision loss - lib\features\reports\presentation\screens\analytics_dashboard_screen.dart:365:37 - deprecated_member_use
   info - 'withOpacity' is deprecated and shouldn't be used. Use .withValues() to avoid precision loss - lib\features\reports\presentation\screens\analytics_dashboard_screen.dart:369:59 - deprecated_member_use
   info - 'withOpacity' is deprecated and shouldn't be used. Use .withValues() to avoid precision loss - lib\features\reports\presentation\screens\analytics_dashboard_screen.dart:385:54 - deprecated_member_use
   info - 'withOpacity' is deprecated and shouldn't be used. Use .withValues() to avoid precision loss - lib\features\reports\presentation\screens\analytics_dashboard_screen.dart:421:43 - deprecated_member_use
   info - 'withOpacity' is deprecated and shouldn't be used. Use .withValues() to avoid precision loss - lib\features\reports\presentation\screens\analytics_dashboard_screen.dart:461:33 - deprecated_member_use
   info - 'withOpacity' is deprecated and shouldn't be used. Use .withValues() to avoid precision loss - lib\features\reports\presentation\screens\analytics_dashboard_screen.dart:625:37 - deprecated_member_use
   info - 'withOpacity' is deprecated and shouldn't be used. Use .withValues() to avoid precision loss - lib\features\reports\presentation\screens\analytics_dashboard_screen.dart:703:34 - deprecated_member_use
   info - 'withOpacity' is deprecated and shouldn't be used. Use .withValues() to avoid precision loss - lib\features\reports\presentation\screens\analytics_dashboard_screen.dart:709:39 - deprecated_member_use
   info - 'withOpacity' is deprecated and shouldn't be used. Use .withValues() to avoid precision loss - lib\features\reports\presentation\screens\analytics_dashboard_screen.dart:714:37 - deprecated_member_use
   info - 'withOpacity' is deprecated and shouldn't be used. Use .withValues() to avoid precision loss - lib\features\reports\presentation\screens\analytics_dashboard_screen.dart:728:43 - deprecated_member_use
   info - 'withOpacity' is deprecated and shouldn't be used. Use .withValues() to avoid precision loss - lib\features\reports\presentation\screens\analytics_dashboard_screen.dart:737:43 - deprecated_member_use
   info - 'withOpacity' is deprecated and shouldn't be used. Use .withValues() to avoid precision loss - lib\features\reports\presentation\screens\analytics_dashboard_screen.dart:846:45 - deprecated_member_use
   info - 'withOpacity' is deprecated and shouldn't be used. Use .withValues() to avoid precision loss - lib\features\reports\presentation\screens\analytics_dashboard_screen.dart:851:38 - deprecated_member_use
   info - 'withOpacity' is deprecated and shouldn't be used. Use .withValues() to avoid precision loss - lib\features\reports\presentation\screens\analytics_dashboard_screen.dart:959:58 - deprecated_member_use
   info - 'withOpacity' is deprecated and shouldn't be used. Use .withValues() to avoid precision loss - lib\features\reports\presentation\screens\analytics_dashboard_screen.dart:1064:61 - deprecated_member_use
   info - 'withOpacity' is deprecated and shouldn't be used. Use .withValues() to avoid precision loss - lib\features\reports\presentation\screens\analytics_dashboard_screen.dart:1069:47 - deprecated_member_use
warning - Unused import: '../../bloc/reports_bloc.dart' - lib\features\reports\presentation\screens\comprehensive_reports_screen.dart:9:8 - unused_import
   info - The import of 'package:provider/provider.dart' is unnecessary because all of the used elements are also provided by the import of 'package:flutter_bloc/flutter_bloc.dart' - lib\features\reports\presentation\screens\reports_screen.dart:4:8 - unnecessary_import
warning - Unused import: '../../../../core/utils/responsive_utils.dart' - lib\features\reports\presentation\screens\reports_screen.dart:8:8 - unused_import
   info - 'withOpacity' is deprecated and shouldn't be used. Use .withValues() to avoid precision loss - lib\features\reports\presentation\screens\reports_screen.dart:324:46 - deprecated_member_use
   info - 'withOpacity' is deprecated and shouldn't be used. Use .withValues() to avoid precision loss - lib\features\reports\presentation\screens\reports_screen.dart:335:37 - deprecated_member_use
   info - 'withOpacity' is deprecated and shouldn't be used. Use .withValues() to avoid precision loss - lib\features\reports\presentation\screens\reports_screen.dart:357:43 - deprecated_member_use
   info - 'withOpacity' is deprecated and shouldn't be used. Use .withValues() to avoid precision loss - lib\features\reports\presentation\screens\reports_screen.dart:367:37 - deprecated_member_use
   info - 'withOpacity' is deprecated and shouldn't be used. Use .withValues() to avoid precision loss - lib\features\reports\presentation\screens\reports_screen.dart:390:31 - deprecated_member_use
   info - 'withOpacity' is deprecated and shouldn't be used. Use .withValues() to avoid precision loss - lib\features\reports\presentation\screens\reports_screen.dart:391:31 - deprecated_member_use
   info - 'withOpacity' is deprecated and shouldn't be used. Use .withValues() to avoid precision loss - lib\features\reports\presentation\screens\reports_screen.dart:398:36 - deprecated_member_use
   info - 'withOpacity' is deprecated and shouldn't be used. Use .withValues() to avoid precision loss - lib\features\reports\presentation\screens\reports_screen.dart:514:42 - deprecated_member_use
   info - 'withOpacity' is deprecated and shouldn't be used. Use .withValues() to avoid precision loss - lib\features\reports\presentation\screens\reports_screen.dart:548:41 - deprecated_member_use
   info - 'withOpacity' is deprecated and shouldn't be used. Use .withValues() to avoid precision loss - lib\features\reports\presentation\screens\reports_screen.dart:558:32 - deprecated_member_use
   info - Don't use 'BuildContext's across async gaps - lib\features\reports\presentation\screens\reports_screen.dart:763:25 - use_build_context_synchronously
   info - 'withOpacity' is deprecated and shouldn't be used. Use .withValues() to avoid precision loss - lib\features\reports\presentation\screens\reports_screen.dart:924:32 - deprecated_member_use
   info - 'withOpacity' is deprecated and shouldn't be used. Use .withValues() to avoid precision loss - lib\features\reports\presentation\screens\reports_screen.dart:933:40 - deprecated_member_use
   info - 'withOpacity' is deprecated and shouldn't be used. Use .withValues() to avoid precision loss - lib\features\reports\presentation\screens\reports_screen.dart:942:43 - deprecated_member_use
   info - 'withOpacity' is deprecated and shouldn't be used. Use .withValues() to avoid precision loss - lib\features\reports\presentation\screens\reports_screen.dart:962:44 - deprecated_member_use
   info - 'withOpacity' is deprecated and shouldn't be used. Use .withValues() to avoid precision loss - lib\features\reports\presentation\screens\reports_screen.dart:1013:47 - deprecated_member_use
   info - 'withOpacity' is deprecated and shouldn't be used. Use .withValues() to avoid precision loss - lib\features\reports\presentation\screens\reports_screen.dart:1058:45 - deprecated_member_use
warning - Unused import: '../../../../core/constants/app_colors.dart' - lib\features\reports\presentation\screens\student_profitability_screen.dart:7:8 - unused_import
   info - 'withOpacity' is deprecated and shouldn't be used. Use .withValues() to avoid precision loss - lib\features\reports\presentation\screens\student_profitability_screen.dart:108:54 - deprecated_member_use
   info - 'withOpacity' is deprecated and shouldn't be used. Use .withValues() to avoid precision loss - lib\features\reports\presentation\screens\student_profitability_screen.dart:114:64 - deprecated_member_use
   info - Use interpolation to compose strings and values - lib\features\reports\presentation\screens\system_debug_logs_screen.dart:115:33 - prefer_interpolation_to_compose_strings
   info - 'withOpacity' is deprecated and shouldn't be used. Use .withValues() to avoid precision loss - lib\features\reports\presentation\screens\system_debug_logs_screen.dart:133:70 - deprecated_member_use
   info - 'withOpacity' is deprecated and shouldn't be used. Use .withValues() to avoid precision loss - lib\features\reports\presentation\screens\system_debug_logs_screen.dart:171:49 - deprecated_member_use
   info - Don't use 'BuildContext's across async gaps - lib\features\reports\presentation\students_report_screen.dart:87:28 - use_build_context_synchronously
   info - 'withOpacity' is deprecated and shouldn't be used. Use .withValues() to avoid precision loss - lib\features\reports\presentation\students_report_screen.dart:179:56 - deprecated_member_use
   info - 'withOpacity' is deprecated and shouldn't be used. Use .withValues() to avoid precision loss - lib\features\reports\presentation\students_report_screen.dart:287:56 - deprecated_member_use
   info - 'withOpacity' is deprecated and shouldn't be used. Use .withValues() to avoid precision loss - lib\features\reports\presentation\students_report_screen.dart:349:22 - deprecated_member_use
   info - 'withOpacity' is deprecated and shouldn't be used. Use .withValues() to avoid precision loss - lib\features\reports\presentation\students_report_screen.dart:394:66 - deprecated_member_use
   info - 'withOpacity' is deprecated and shouldn't be used. Use .withValues() to avoid precision loss - lib\features\reports\presentation\students_report_screen.dart:411:58 - deprecated_member_use
   info - Unnecessary use of 'toList' in a spread - lib\features\reports\presentation\students_report_screen.dart:425:12 - unnecessary_to_list_in_spreads
warning - Unused import: 'package:supabase_flutter/supabase_flutter.dart' - lib\features\rooms\data\sources\rooms_remote_source.dart:2:8 - unused_import
   info - Don't invoke 'print' in production code - lib\features\schedule\bloc\schedule_bloc.dart:132:5 - avoid_print
   info - Don't invoke 'print' in production code - lib\features\schedule\bloc\schedule_bloc.dart:136:7 - avoid_print
   info - Don't invoke 'print' in production code - lib\features\schedule\bloc\schedule_bloc.dart:150:7 - avoid_print
   info - Don't invoke 'print' in production code - lib\features\schedule\bloc\schedule_bloc.dart:151:7 - avoid_print
   info - Don't invoke 'print' in production code - lib\features\schedule\bloc\schedule_bloc.dart:152:7 - avoid_print
   info - Don't invoke 'print' in production code - lib\features\schedule\bloc\schedule_bloc.dart:153:7 - avoid_print
   info - Don't invoke 'print' in production code - lib\features\schedule\bloc\schedule_bloc.dart:165:7 - avoid_print
   info - Don't invoke 'print' in production code - lib\features\schedule\bloc\schedule_bloc.dart:179:5 - avoid_print
   info - Don't invoke 'print' in production code - lib\features\schedule\bloc\schedule_bloc.dart:188:7 - avoid_print
   info - Don't invoke 'print' in production code - lib\features\schedule\bloc\schedule_bloc.dart:201:8 - avoid_print
   info - Don't invoke 'print' in production code - lib\features\schedule\bloc\schedule_bloc.dart:206:7 - avoid_print
   info - Don't invoke 'print' in production code - lib\features\schedule\bloc\schedule_bloc.dart:208:7 - avoid_print
   info - Don't invoke 'print' in production code - lib\features\schedule\bloc\schedule_bloc.dart:211:7 - avoid_print
   info - Don't invoke 'print' in production code - lib\features\schedule\bloc\schedule_bloc.dart:225:5 - avoid_print
   info - Don't invoke 'print' in production code - lib\features\schedule\bloc\schedule_bloc.dart:229:7 - avoid_print
   info - Don't invoke 'print' in production code - lib\features\schedule\bloc\schedule_bloc.dart:231:7 - avoid_print
   info - Don't invoke 'print' in production code - lib\features\schedule\bloc\schedule_bloc.dart:247:5 - avoid_print
   info - Don't invoke 'print' in production code - lib\features\schedule\bloc\schedule_bloc.dart:251:7 - avoid_print
   info - Don't invoke 'print' in production code - lib\features\schedule\bloc\schedule_bloc.dart:253:7 - avoid_print
   info - Don't invoke 'print' in production code - lib\features\schedule\bloc\schedule_bloc.dart:256:7 - avoid_print
warning - Unused import: 'package:supabase_flutter/supabase_flutter.dart' - lib\features\schedule\data\sources\schedule_remote_source.dart:2:8 - unused_import
warning - The value of the field '_uuid' isn't used - lib\features\schedule\data\sources\schedule_remote_source.dart:9:9 - unused_field
warning - Unused import: 'package:flutter/material.dart' - lib\features\schedule\logic\schedule_validator.dart:3:8 - unused_import
   info - Don't invoke 'print' in production code - lib\features\schedule\presentation\screens\schedule_screen.dart:690:9 - avoid_print
   info - Don't invoke 'print' in production code - lib\features\schedule\presentation\screens\schedule_screen.dart:691:9 - avoid_print
   info - Don't invoke 'print' in production code - lib\features\schedule\presentation\screens\schedule_screen.dart:692:9 - avoid_print
   info - Don't invoke 'print' in production code - lib\features\schedule\presentation\screens\schedule_screen.dart:695:9 - avoid_print
warning - The declaration '_getDurationString' isn't referenced - lib\features\schedule\presentation\screens\schedule_screen.dart:890:10 - unused_element
   info - Use a 'SizedBox' to add whitespace to a layout - lib\features\schedule\presentation\screens\schedule_screen.dart:1728:16 - sized_box_for_whitespace
   info - Don't invoke 'print' in production code - lib\features\schedule\presentation\screens\schedule_screen.dart:1901:37 - avoid_print
   info - Don't invoke 'print' in production code - lib\features\schedule\presentation\screens\schedule_screen.dart:1904:37 - avoid_print
   info - Don't invoke 'print' in production code - lib\features\schedule\presentation\screens\schedule_screen.dart:1912:37 - avoid_print
   info - Don't invoke 'print' in production code - lib\features\schedule\presentation\screens\schedule_screen.dart:1918:37 - avoid_print
warning - Unused import: 'package:go_router/go_router.dart' - lib\features\search\presentation\screens\search_screen.dart:4:8 - unused_import
   info - The import of 'package:provider/provider.dart' is unnecessary because all of the used elements are also provided by the import of 'package:flutter_bloc/flutter_bloc.dart' - lib\features\search\presentation\screens\search_screen.dart:5:8 - unnecessary_import
   info - Statements in an if should be enclosed in a block - lib\features\search\presentation\screens\search_screen.dart:70:7 - curly_braces_in_flow_control_structures
warning - Unused import: 'package:flutter/foundation.dart' - lib\features\settings\data\repositories\settings_repository.dart:1:8 - unused_import
   info - The import of '../../../../shared/models/billing_models.dart' is unnecessary because all of the used elements are also provided by the import of '../../../../shared/models/models.dart' - lib\features\settings\presentation\screens\course_prices_screen.dart:13:8 - unnecessary_import
   info - Don't use 'BuildContext's across async gaps - lib\features\settings\presentation\screens\course_prices_screen.dart:56:29 - use_build_context_synchronously
warning - The value of the local variable 'isDark' isn't used - lib\features\settings\presentation\screens\course_prices_screen.dart:92:11 - unused_local_variable
   info - 'withOpacity' is deprecated and shouldn't be used. Use .withValues() to avoid precision loss - lib\features\settings\presentation\screens\course_prices_screen.dart:216:62 - deprecated_member_use
   info - 'withOpacity' is deprecated and shouldn't be used. Use .withValues() to avoid precision loss - lib\features\settings\presentation\screens\course_prices_screen.dart:242:32 - deprecated_member_use
   info - 'withOpacity' is deprecated and shouldn't be used. Use .withValues() to avoid precision loss - lib\features\settings\presentation\screens\course_prices_screen.dart:262:11 - deprecated_member_use
   info - 'withOpacity' is deprecated and shouldn't be used. Use .withValues() to avoid precision loss - lib\features\settings\presentation\screens\course_prices_screen.dart:280:46 - deprecated_member_use
   info - 'withOpacity' is deprecated and shouldn't be used. Use .withValues() to avoid precision loss - lib\features\settings\presentation\screens\course_prices_screen.dart:292:46 - deprecated_member_use
   info - 'withOpacity' is deprecated and shouldn't be used. Use .withValues() to avoid precision loss - lib\features\settings\presentation\screens\course_prices_screen.dart:534:41 - deprecated_member_use
   info - 'withOpacity' is deprecated and shouldn't be used. Use .withValues() to avoid precision loss - lib\features\settings\presentation\screens\course_prices_screen.dart:536:60 - deprecated_member_use
   info - Don't use 'BuildContext's across async gaps, guarded by an unrelated 'mounted' check - lib\features\settings\presentation\screens\course_prices_screen.dart:754:39 - use_build_context_synchronously
   info - Don't use 'BuildContext's across async gaps, guarded by an unrelated 'mounted' check - lib\features\settings\presentation\screens\course_prices_screen.dart:756:46 - use_build_context_synchronously
   info - Don't use 'BuildContext's across async gaps, guarded by an unrelated 'mounted' check - lib\features\settings\presentation\screens\course_prices_screen.dart:762:25 - use_build_context_synchronously
   info - 'withOpacity' is deprecated and shouldn't be used. Use .withValues() to avoid precision loss - lib\features\settings\presentation\screens\course_prices_screen.dart:817:38 - deprecated_member_use
   info - 'withOpacity' is deprecated and shouldn't be used. Use .withValues() to avoid precision loss - lib\features\settings\presentation\screens\course_prices_screen.dart:818:36 - deprecated_member_use
   info - 'withOpacity' is deprecated and shouldn't be used. Use .withValues() to avoid precision loss - lib\features\settings\presentation\screens\course_prices_screen.dart:855:54 - deprecated_member_use
   info - Don't use 'BuildContext's across async gaps, guarded by an unrelated 'mounted' check - lib\features\settings\presentation\screens\course_prices_screen.dart:892:33 - use_build_context_synchronously
   info - Don't use 'BuildContext's across async gaps, guarded by an unrelated 'mounted' check - lib\features\settings\presentation\screens\course_prices_screen.dart:895:21 - use_build_context_synchronously
   info - Don't use 'BuildContext's across async gaps, guarded by an unrelated 'mounted' check - lib\features\settings\presentation\screens\course_prices_screen.dart:900:19 - use_build_context_synchronously
warning - Unused import: '../../../../core/auth/role_provider.dart' - lib\features\settings\presentation\screens\settings_screen.dart:15:8 - unused_import
warning - Unused import: 'course_prices_screen.dart' - lib\features\settings\presentation\screens\settings_screen.dart:27:8 - unused_import
   info - 'withOpacity' is deprecated and shouldn't be used. Use .withValues() to avoid precision loss - lib\features\settings\presentation\screens\settings_screen.dart:327:33 - deprecated_member_use
warning - The declaration '_buildRolesSection' isn't referenced - lib\features\settings\presentation\screens\settings_screen.dart:384:10 - unused_element
   info - 'withOpacity' is deprecated and shouldn't be used. Use .withValues() to avoid precision loss - lib\features\settings\presentation\screens\settings_screen.dart:692:42 - deprecated_member_use
   info - 'withOpacity' is deprecated and shouldn't be used. Use .withValues() to avoid precision loss - lib\features\settings\presentation\screens\settings_screen.dart:694:61 - deprecated_member_use
   info - 'withOpacity' is deprecated and shouldn't be used. Use .withValues() to avoid precision loss - lib\features\settings\presentation\screens\settings_screen.dart:775:30 - deprecated_member_use
   info - 'withOpacity' is deprecated and shouldn't be used. Use .withValues() to avoid precision loss - lib\features\settings\presentation\screens\settings_screen.dart:776:29 - deprecated_member_use
   info - 'withOpacity' is deprecated and shouldn't be used. Use .withValues() to avoid precision loss - lib\features\settings\presentation\screens\settings_screen.dart:780:52 - deprecated_member_use
   info - 'withOpacity' is deprecated and shouldn't be used. Use .withValues() to avoid precision loss - lib\features\settings\presentation\screens\settings_screen.dart:812:42 - deprecated_member_use
   info - 'withOpacity' is deprecated and shouldn't be used. Use .withValues() to avoid precision loss - lib\features\settings\presentation\screens\settings_screen.dart:812:74 - deprecated_member_use
   info - 'withOpacity' is deprecated and shouldn't be used. Use .withValues() to avoid precision loss - lib\features\settings\presentation\screens\settings_screen.dart:824:60 - deprecated_member_use
   info - 'withOpacity' is deprecated and shouldn't be used. Use .withValues() to avoid precision loss - lib\features\settings\presentation\screens\settings_screen.dart:887:35 - deprecated_member_use
   info - 'withOpacity' is deprecated and shouldn't be used. Use .withValues() to avoid precision loss - lib\features\settings\presentation\screens\settings_screen.dart:888:40 - deprecated_member_use
   info - 'withOpacity' is deprecated and shouldn't be used. Use .withValues() to avoid precision loss - lib\features\settings\presentation\screens\settings_screen.dart:888:72 - deprecated_member_use
warning - The declaration '_buildInfoRow' isn't referenced - lib\features\settings\presentation\screens\settings_screen.dart:1137:10 - unused_element
   info - 'withOpacity' is deprecated and shouldn't be used. Use .withValues() to avoid precision loss - lib\features\settings\presentation\screens\settings_screen.dart:1150:28 - deprecated_member_use
warning - The declaration '_buildUsersSection' isn't referenced - lib\features\settings\presentation\screens\settings_screen.dart:1331:10 - unused_element
   info - Don't use 'BuildContext's across async gaps, guarded by an unrelated 'mounted' check - lib\features\settings\presentation\screens\settings_screen.dart:1601:42 - use_build_context_synchronously
   info - Don't use 'BuildContext's across async gaps, guarded by an unrelated 'mounted' check - lib\features\settings\presentation\screens\settings_screen.dart:1610:42 - use_build_context_synchronously
   info - 'withOpacity' is deprecated and shouldn't be used. Use .withValues() to avoid precision loss - lib\features\settings\presentation\screens\settings_screen.dart:1837:32 - deprecated_member_use
   info - 'withOpacity' is deprecated and shouldn't be used. Use .withValues() to avoid precision loss - lib\features\settings\presentation\screens\settings_screen.dart:1839:51 - deprecated_member_use
   info - Don't use 'BuildContext's across async gaps - lib\features\settings\presentation\screens\settings_screen.dart:1958:9 - use_build_context_synchronously
   info - Statements in an if should be enclosed in a block - lib\features\settings\presentation\screens\settings_screen.dart:2150:21 - curly_braces_in_flow_control_structures
   info - Don't use 'BuildContext's across async gaps, guarded by an unrelated 'mounted' check - lib\features\settings\presentation\screens\settings_screen.dart:2234:45 - use_build_context_synchronously
   info - 'withOpacity' is deprecated and shouldn't be used. Use .withValues() to avoid precision loss - lib\features\settings\presentation\screens\settings_screen.dart:2389:52 - deprecated_member_use
   info - 'withOpacity' is deprecated and shouldn't be used. Use .withValues() to avoid precision loss - lib\features\settings\presentation\screens\settings_screen.dart:2465:49 - deprecated_member_use
   info - 'withOpacity' is deprecated and shouldn't be used. Use .withValues() to avoid precision loss - lib\features\settings\presentation\screens\settings_screen.dart:2466:43 - deprecated_member_use
warning - The value of the local variable 'centerProvider' isn't used - lib\features\settings\presentation\screens\subscription_settings_screen.dart:55:11 - unused_local_variable
   info - 'withOpacity' is deprecated and shouldn't be used. Use .withValues() to avoid precision loss - lib\features\settings\presentation\screens\subscription_settings_screen.dart:153:43 - deprecated_member_use
   info - 'withOpacity' is deprecated and shouldn't be used. Use .withValues() to avoid precision loss - lib\features\settings\presentation\screens\subscription_settings_screen.dart:178:54 - deprecated_member_use
   info - 'withOpacity' is deprecated and shouldn't be used. Use .withValues() to avoid precision loss - lib\features\settings\presentation\screens\subscription_settings_screen.dart:306:44 - deprecated_member_use
   info - 'withOpacity' is deprecated and shouldn't be used. Use .withValues() to avoid precision loss - lib\features\settings\presentation\screens\subscription_settings_screen.dart:320:35 - deprecated_member_use
   info - 'withOpacity' is deprecated and shouldn't be used. Use .withValues() to avoid precision loss - lib\features\settings\presentation\screens\subscription_settings_screen.dart:329:39 - deprecated_member_use
   info - 'withOpacity' is deprecated and shouldn't be used. Use .withValues() to avoid precision loss - lib\features\settings\presentation\screens\subscription_settings_screen.dart:359:39 - deprecated_member_use
   info - 'withOpacity' is deprecated and shouldn't be used. Use .withValues() to avoid precision loss - lib\features\settings\presentation\widgets\access_card_dialog.dart:62:46 - deprecated_member_use
   info - 'withOpacity' is deprecated and shouldn't be used. Use .withValues() to avoid precision loss - lib\features\settings\presentation\widgets\access_card_dialog.dart:78:47 - deprecated_member_use
   info - 'withOpacity' is deprecated and shouldn't be used. Use .withValues() to avoid precision loss - lib\features\settings\presentation\widgets\access_card_dialog.dart:105:43 - deprecated_member_use
   info - Don't use 'BuildContext's across async gaps, guarded by an unrelated 'mounted' check - lib\features\settings\presentation\widgets\roles_management_widget.dart:171:44 - use_build_context_synchronously
   info - Don't use 'BuildContext's across async gaps - lib\features\settings\presentation\widgets\roles_management_widget.dart:191:9 - use_build_context_synchronously
   info - Don't use 'BuildContext's across async gaps - lib\features\settings\presentation\widgets\roles_management_widget.dart:209:7 - use_build_context_synchronously
   info - Don't use 'BuildContext's across async gaps, guarded by an unrelated 'mounted' check - lib\features\settings\presentation\widgets\roles_management_widget.dart:249:46 - use_build_context_synchronously
warning - Unused import: '../../../../core/constants/app_spacing.dart' - lib\features\settings\presentation\widgets\team_management_widget.dart:6:8 - unused_import
   info - 'withOpacity' is deprecated and shouldn't be used. Use .withValues() to avoid precision loss - lib\features\settings\presentation\widgets\team_management_widget.dart:227:62 - deprecated_member_use
   info - 'withOpacity' is deprecated and shouldn't be used. Use .withValues() to avoid precision loss - lib\features\settings\presentation\widgets\team_management_widget.dart:265:80 - deprecated_member_use
   info - Don't use 'BuildContext's across async gaps, guarded by an unrelated 'mounted' check - lib\features\settings\presentation\widgets\team_management_widget.dart:365:34 - use_build_context_synchronously
   info - 'withOpacity' is deprecated and shouldn't be used. Use .withValues() to avoid precision loss - lib\features\settings\presentation\widgets\team_management_widget.dart:405:35 - deprecated_member_use
   info - 'withOpacity' is deprecated and shouldn't be used. Use .withValues() to avoid precision loss - lib\features\settings\presentation\widgets\team_management_widget.dart:406:35 - deprecated_member_use
   info - 'withOpacity' is deprecated and shouldn't be used. Use .withValues() to avoid precision loss - lib\features\settings\presentation\widgets\team_management_widget.dart:410:57 - deprecated_member_use
   info - 'withOpacity' is deprecated and shouldn't be used. Use .withValues() to avoid precision loss - lib\features\settings\presentation\widgets\team_management_widget.dart:623:65 - deprecated_member_use
   info - 'withOpacity' is deprecated and shouldn't be used. Use .withValues() to avoid precision loss - lib\features\settings\presentation\widgets\team_management_widget.dart:651:51 - deprecated_member_use
   info - 'withOpacity' is deprecated and shouldn't be used. Use .withValues() to avoid precision loss - lib\features\settings\presentation\widgets\team_management_widget.dart:681:57 - deprecated_member_use
   info - 'withOpacity' is deprecated and shouldn't be used. Use .withValues() to avoid precision loss - lib\features\settings\presentation\widgets\team_management_widget.dart:683:76 - deprecated_member_use
   info - 'withOpacity' is deprecated and shouldn't be used. Use .withValues() to avoid precision loss - lib\features\settings\presentation\widgets\team_management_widget.dart:773:22 - deprecated_member_use
   info - 'withOpacity' is deprecated and shouldn't be used. Use .withValues() to avoid precision loss - lib\features\settings\presentation\widgets\team_management_widget.dart:775:41 - deprecated_member_use
  error - The method 'updateStudentSubjects' isn't defined for the type 'StudentsRemoteSource' - lib\features\students\data\repositories\students_repository.dart:256:32 - undefined_method
warning - The value of the field '_keyTimestamp' isn't used - lib\features\students\data\sources\students_local_source.dart:9:23 - unused_field
warning - The value of the field '_teachers' isn't used - lib\features\students\presentation\screens\add_student_screen.dart:48:17 - unused_field
warning - The declaration '_saveStudent' isn't referenced - lib\features\students\presentation\screens\add_student_screen.dart:145:16 - unused_element
   info - Don't use 'BuildContext's across async gaps - lib\features\students\presentation\screens\add_student_screen.dart:225:25 - use_build_context_synchronously
   info - 'withOpacity' is deprecated and shouldn't be used. Use .withValues() to avoid precision loss - lib\features\students\presentation\screens\add_student_screen.dart:257:46 - deprecated_member_use
   info - 'withOpacity' is deprecated and shouldn't be used. Use .withValues() to avoid precision loss - lib\features\students\presentation\screens\add_student_screen.dart:336:22 - deprecated_member_use
   info - 'withOpacity' is deprecated and shouldn't be used. Use .withValues() to avoid precision loss - lib\features\students\presentation\screens\add_student_screen.dart:338:41 - deprecated_member_use
warning - The value of the local variable 'padding' isn't used - lib\features\students\presentation\screens\add_student_screen.dart:381:11 - unused_local_variable
   info - 'withOpacity' is deprecated and shouldn't be used. Use .withValues() to avoid precision loss - lib\features\students\presentation\screens\add_student_screen.dart:456:44 - deprecated_member_use
   info - 'withOpacity' is deprecated and shouldn't be used. Use .withValues() to avoid precision loss - lib\features\students\presentation\screens\add_student_screen.dart:467:35 - deprecated_member_use
   info - 'withOpacity' is deprecated and shouldn't be used. Use .withValues() to avoid precision loss - lib\features\students\presentation\screens\add_student_screen.dart:495:39 - deprecated_member_use
   info - 'withOpacity' is deprecated and shouldn't be used. Use .withValues() to avoid precision loss - lib\features\students\presentation\screens\add_student_screen.dart:506:35 - deprecated_member_use
   info - 'withOpacity' is deprecated and shouldn't be used. Use .withValues() to avoid precision loss - lib\features\students\presentation\screens\add_student_screen.dart:542:50 - deprecated_member_use
   info - 'withOpacity' is deprecated and shouldn't be used. Use .withValues() to avoid precision loss - lib\features\students\presentation\screens\add_student_screen.dart:752:34 - deprecated_member_use
   info - 'withOpacity' is deprecated and shouldn't be used. Use .withValues() to avoid precision loss - lib\features\students\presentation\screens\add_student_screen.dart:753:33 - deprecated_member_use
   info - 'withOpacity' is deprecated and shouldn't be used. Use .withValues() to avoid precision loss - lib\features\students\presentation\screens\add_student_screen.dart:807:50 - deprecated_member_use
   info - 'withOpacity' is deprecated and shouldn't be used. Use .withValues() to avoid precision loss - lib\features\students\presentation\screens\add_student_screen.dart:886:35 - deprecated_member_use
   info - 'withOpacity' is deprecated and shouldn't be used. Use .withValues() to avoid precision loss - lib\features\students\presentation\screens\add_student_screen.dart:888:48 - deprecated_member_use
   info - 'withOpacity' is deprecated and shouldn't be used. Use .withValues() to avoid precision loss - lib\features\students\presentation\screens\add_student_screen.dart:889:47 - deprecated_member_use
   info - Don't use 'BuildContext's across async gaps - lib\features\students\presentation\screens\add_student_screen.dart:1387:29 - use_build_context_synchronously
warning - Unused import: 'package:intl/intl.dart' - lib\features\students\presentation\screens\export_students_screen.dart:7:8 - unused_import
   info - 'withOpacity' is deprecated and shouldn't be used. Use .withValues() to avoid precision loss - lib\features\students\presentation\screens\export_students_screen.dart:113:56 - deprecated_member_use
   info - 'withOpacity' is deprecated and shouldn't be used. Use .withValues() to avoid precision loss - lib\features\students\presentation\screens\export_students_screen.dart:198:23 - deprecated_member_use
   info - 'withOpacity' is deprecated and shouldn't be used. Use .withValues() to avoid precision loss - lib\features\students\presentation\screens\export_students_screen.dart:233:56 - deprecated_member_use
   info - 'withOpacity' is deprecated and shouldn't be used. Use .withValues() to avoid precision loss - lib\features\students\presentation\screens\export_students_screen.dart:324:56 - deprecated_member_use
warning - Duplicate import - lib\features\students\presentation\screens\smart_invoice_screen.dart:12:8 - duplicate_import
   info - The import of 'package:flutter/services.dart' is unnecessary because all of the used elements are also provided by the import of 'package:flutter/material.dart' - lib\features\students\presentation\screens\student_account_statement_screen.dart:6:8 - unnecessary_import
warning - Unused import: 'package:intl/intl.dart' - lib\features\students\presentation\screens\student_account_statement_screen.dart:8:8 - unused_import
warning - Unused import: '../../../../shared/models/models.dart' - lib\features\students\presentation\screens\student_account_statement_screen.dart:14:8 - unused_import
warning - Unused import: '../../../../shared/models/payment_models.dart' - lib\features\students\presentation\screens\student_account_statement_screen.dart:15:8 - unused_import
   info - 'withOpacity' is deprecated and shouldn't be used. Use .withValues() to avoid precision loss - lib\features\students\presentation\screens\student_account_statement_screen.dart:132:49 - deprecated_member_use
   info - 'withOpacity' is deprecated and shouldn't be used. Use .withValues() to avoid precision loss - lib\features\students\presentation\screens\student_account_statement_screen.dart:294:42 - deprecated_member_use
   info - 'withOpacity' is deprecated and shouldn't be used. Use .withValues() to avoid precision loss - lib\features\students\presentation\screens\student_account_statement_screen.dart:309:35 - deprecated_member_use
warning - The value of the local variable 'priceSource' isn't used - lib\features\students\presentation\screens\student_account_statement_screen.dart:379:19 - unused_local_variable
   info - Unnecessary use of 'toList' in a spread - lib\features\students\presentation\screens\student_account_statement_screen.dart:415:14 - unnecessary_to_list_in_spreads
   info - Unnecessary use of 'toList' in a spread - lib\features\students\presentation\screens\student_account_statement_screen.dart:467:14 - unnecessary_to_list_in_spreads
   info - Don't use 'BuildContext's across async gaps - lib\features\students\presentation\screens\student_account_statement_screen.dart:481:9 - use_build_context_synchronously
warning - Unused import: '../../../../core/routing/route_names.dart' - lib\features\students\presentation\screens\student_details_screen.dart:8:8 - unused_import
warning - Unused import: '../../../../core/utils/responsive_utils.dart' - lib\features\students\presentation\screens\student_details_screen.dart:11:8 - unused_import
   info - The import of '../../../../shared/models/billing_models.dart' is unnecessary because all of the used elements are also provided by the import of '../../../../shared/models/models.dart' - lib\features\students\presentation\screens\student_details_screen.dart:14:8 - unnecessary_import
warning - Unused import: 'smart_invoice_screen.dart' - lib\features\students\presentation\screens\student_details_screen.dart:22:8 - unused_import
   info - Statements in an if should be enclosed in a block - lib\features\students\presentation\screens\student_details_screen.dart:115:9 - curly_braces_in_flow_control_structures
   info - Don't use 'BuildContext's across async gaps, guarded by an unrelated 'mounted' check - lib\features\students\presentation\screens\student_details_screen.dart:753:7 - use_build_context_synchronously
   info - Don't use 'BuildContext's across async gaps - lib\features\students\presentation\screens\student_details_screen.dart:807:15 - use_build_context_synchronously
   info - Don't use 'BuildContext's across async gaps, guarded by an unrelated 'mounted' check - lib\features\students\presentation\screens\student_details_screen.dart:813:32 - use_build_context_synchronously
   info - Don't use 'BuildContext's across async gaps, guarded by an unrelated 'mounted' check - lib\features\students\presentation\screens\student_details_screen.dart:822:32 - use_build_context_synchronously
   info - 'withOpacity' is deprecated and shouldn't be used. Use .withValues() to avoid precision loss - lib\features\students\presentation\screens\student_details_screen.dart:987:58 - deprecated_member_use
   info - 'withOpacity' is deprecated and shouldn't be used. Use .withValues() to avoid precision loss - lib\features\students\presentation\screens\student_details_screen.dart:1041:58 - deprecated_member_use
warning - Unused import: '../../../../core/utils/responsive_utils.dart' - lib\features\students\presentation\screens\students_screen.dart:10:8 - unused_import
   info - The prefix 'formUtils' isn't a lower_case_with_underscores identifier - lib\features\students\presentation\screens\students_screen.dart:12:52 - library_prefixes
   info - Don't use 'BuildContext's across async gaps - lib\features\students\presentation\screens\students_screen.dart:295:46 - use_build_context_synchronously
   info - Don't use 'BuildContext's across async gaps - lib\features\students\presentation\screens\students_screen.dart:296:46 - use_build_context_synchronously
   info - 'withOpacity' is deprecated and shouldn't be used. Use .withValues() to avoid precision loss - lib\features\students\presentation\screens\students_screen.dart:809:41 - deprecated_member_use
   info - 'withOpacity' is deprecated and shouldn't be used. Use .withValues() to avoid precision loss - lib\features\students\presentation\screens\students_screen.dart:811:22 - deprecated_member_use
warning - Unused import: 'package:supabase_flutter/supabase_flutter.dart' - lib\features\subjects\data\sources\subjects_remote_source.dart:2:8 - unused_import
warning - The value of the field '_uuid' isn't used - lib\features\subjects\data\sources\subjects_remote_source.dart:9:9 - unused_field
warning - A value for optional parameter 'key' isn't ever given - lib\features\subjects\presentation\screens\subjects_screen.dart:641:11 - unused_element_parameter
warning - Unused import: 'package:flutter/foundation.dart' - lib\features\support\data\repositories\support_repository.dart:1:8 - unused_import
warning - Unused import: '../../../../core/constants/app_colors.dart' - lib\features\support\presentation\dialogs\create_ticket_dialog.dart:2:8 - unused_import
   info - Statements in an if should be enclosed in a block - lib\features\teachers\data\repositories\teachers_repository.dart:131:7 - curly_braces_in_flow_control_structures
  error - The method 'saveTeacherSalary' isn't defined for the type 'TeachersRemoteSource' - lib\features\teachers\data\repositories\teachers_repository.dart:212:25 - undefined_method
  error - The method 'findSimilarTeachers' isn't defined for the type 'TeachersRemoteSource' - lib\features\teachers\data\repositories\teachers_repository.dart:222:32 - undefined_method
warning - The value of the field '_keyTimestamp' isn't used - lib\features\teachers\data\sources\teachers_local_source.dart:9:23 - unused_field
   info - Don't use 'BuildContext's across async gaps - lib\features\teachers\presentation\screens\add_teacher_full_screen.dart:97:23 - use_build_context_synchronously
   info - 'withOpacity' is deprecated and shouldn't be used. Use .withValues() to avoid precision loss - lib\features\teachers\presentation\screens\add_teacher_full_screen.dart:128:46 - deprecated_member_use
   info - 'withOpacity' is deprecated and shouldn't be used. Use .withValues() to avoid precision loss - lib\features\teachers\presentation\screens\add_teacher_full_screen.dart:206:22 - deprecated_member_use
   info - 'withOpacity' is deprecated and shouldn't be used. Use .withValues() to avoid precision loss - lib\features\teachers\presentation\screens\add_teacher_full_screen.dart:208:41 - deprecated_member_use
   info - 'withOpacity' is deprecated and shouldn't be used. Use .withValues() to avoid precision loss - lib\features\teachers\presentation\screens\add_teacher_full_screen.dart:377:53 - deprecated_member_use
   info - 'withOpacity' is deprecated and shouldn't be used. Use .withValues() to avoid precision loss - lib\features\teachers\presentation\screens\add_teacher_full_screen.dart:378:47 - deprecated_member_use
   info - 'withOpacity' is deprecated and shouldn't be used. Use .withValues() to avoid precision loss - lib\features\teachers\presentation\screens\add_teacher_full_screen.dart:458:35 - deprecated_member_use
   info - 'withOpacity' is deprecated and shouldn't be used. Use .withValues() to avoid precision loss - lib\features\teachers\presentation\screens\add_teacher_full_screen.dart:482:39 - deprecated_member_use
   info - 'withOpacity' is deprecated and shouldn't be used. Use .withValues() to avoid precision loss - lib\features\teachers\presentation\screens\add_teacher_full_screen.dart:516:32 - deprecated_member_use
   info - 'withOpacity' is deprecated and shouldn't be used. Use .withValues() to avoid precision loss - lib\features\teachers\presentation\screens\add_teacher_full_screen.dart:517:31 - deprecated_member_use
   info - 'withOpacity' is deprecated and shouldn't be used. Use .withValues() to avoid precision loss - lib\features\teachers\presentation\screens\add_teacher_full_screen.dart:550:32 - deprecated_member_use
   info - 'withOpacity' is deprecated and shouldn't be used. Use .withValues() to avoid precision loss - lib\features\teachers\presentation\screens\add_teacher_full_screen.dart:551:31 - deprecated_member_use
warning - Unused import: 'package:intl/intl.dart' - lib\features\teachers\presentation\screens\teacher_salaries_screen.dart:9:8 - unused_import
warning - Unused import: '../../../../core/constants/app_colors.dart' - lib\features\teachers\presentation\screens\teacher_salaries_screen.dart:11:8 - unused_import
warning - The value of the field '_errorMessage' isn't used - lib\features\teachers\presentation\screens\teacher_salaries_screen.dart:31:11 - unused_field
  error - Target of URI doesn't exist: '../../../../shared/data/i_data_repository.dart' - lib\features\teachers\presentation\screens\teachers_screen.dart:11:8 - uri_does_not_exist
   info - Don't use 'BuildContext's across async gaps - lib\features\teachers\presentation\screens\teachers_screen.dart:165:21 - use_build_context_synchronously
  error - The name 'ScheduleRepository' isn't a type, so it can't be used as a type argument - lib\features\teachers\presentation\screens\teachers_screen.dart:1214:28 - non_type_as_type_argument
  error - The name 'IDataRepository' isn't a type, so it can't be used as a type argument - lib\features\teachers\presentation\screens\teachers_screen.dart:1679:31 - non_type_as_type_argument
warning - Unused import: '../../../../shared/models/billing_models.dart' - lib\features\teachers\presentation\teacher_salary_invoice_screen.dart:12:8 - unused_import
   info - 'withOpacity' is deprecated and shouldn't be used. Use .withValues() to avoid precision loss - lib\features\teachers\presentation\teacher_salary_invoice_screen.dart:137:40 - deprecated_member_use
   info - 'withOpacity' is deprecated and shouldn't be used. Use .withValues() to avoid precision loss - lib\features\teachers\presentation\teacher_salary_invoice_screen.dart:139:59 - deprecated_member_use
   info - 'withOpacity' is deprecated and shouldn't be used. Use .withValues() to avoid precision loss - lib\features\teachers\presentation\teacher_salary_invoice_screen.dart:315:41 - deprecated_member_use
   info - 'withOpacity' is deprecated and shouldn't be used. Use .withValues() to avoid precision loss - lib\features\teachers\presentation\teacher_salary_invoice_screen.dart:340:47 - deprecated_member_use
   info - 'withOpacity' is deprecated and shouldn't be used. Use .withValues() to avoid precision loss - lib\features\teachers\presentation\teacher_salary_invoice_screen.dart:353:40 - deprecated_member_use
   info - 'withOpacity' is deprecated and shouldn't be used. Use .withValues() to avoid precision loss - lib\features\teachers\presentation\teacher_salary_invoice_screen.dart:355:60 - deprecated_member_use
   info - 'withOpacity' is deprecated and shouldn't be used. Use .withValues() to avoid precision loss - lib\features\teachers\presentation\teacher_salary_invoice_screen.dart:403:48 - deprecated_member_use
warning - The declaration '_buildBaseSalaryCard' isn't referenced - lib\features\teachers\presentation\teacher_salary_invoice_screen.dart:869:10 - unused_element
warning - The declaration '_buildSessionsCard' isn't referenced - lib\features\teachers\presentation\teacher_salary_invoice_screen.dart:881:10 - unused_element
warning - The declaration '_buildPercentageCard' isn't referenced - lib\features\teachers\presentation\teacher_salary_invoice_screen.dart:932:10 - unused_element
   info - 'withOpacity' is deprecated and shouldn't be used. Use .withValues() to avoid precision loss - lib\features\teachers\presentation\teacher_salary_invoice_screen.dart:1001:39 - deprecated_member_use
   info - 'withOpacity' is deprecated and shouldn't be used. Use .withValues() to avoid precision loss - lib\features\teachers\presentation\teacher_salary_invoice_screen.dart:1016:38 - deprecated_member_use
warning - The value of the local variable 'isDraft' isn't used - lib\features\teachers\presentation\teacher_salary_invoice_screen.dart:1154:11 - unused_local_variable
   info - 'withOpacity' is deprecated and shouldn't be used. Use .withValues() to avoid precision loss - lib\features\teachers\presentation\teacher_salary_invoice_screen.dart:1409:39 - deprecated_member_use
   info - 'withOpacity' is deprecated and shouldn't be used. Use .withValues() to avoid precision loss - lib\features\teachers\presentation\teacher_salary_invoice_screen.dart:1421:34 - deprecated_member_use
   info - Don't use 'BuildContext's across async gaps - lib\features\teachers\presentation\teacher_salary_invoice_screen.dart:1570:9 - use_build_context_synchronously
   info - Don't use 'BuildContext's across async gaps - lib\features\teachers\presentation\teacher_salary_invoice_screen.dart:1585:9 - use_build_context_synchronously
   info - 'withOpacity' is deprecated and shouldn't be used. Use .withValues() to avoid precision loss - lib\features\teachers\presentation\widgets\teacher_invitations_dialog.dart:139:44 - deprecated_member_use
   info - 'withOpacity' is deprecated and shouldn't be used. Use .withValues() to avoid precision loss - lib\features\teachers\presentation\widgets\teacher_invitations_dialog.dart:141:63 - deprecated_member_use
warning - Unused import: 'package:go_router/go_router.dart' - lib\features\teachers\presentation\widgets\teachers_list.dart:4:8 - unused_import
warning - Unused import: 'features/reports/data/reports_repository.dart' - lib\main.dart:29:8 - unused_import
warning - The declaration '_parseStatus' isn't referenced - lib\shared\data\mappers.dart:83:24 - unused_element
   info - Don't invoke 'print' in production code - lib\shared\data\mappers.dart:160:5 - avoid_print
   info - Don't invoke 'print' in production code - lib\shared\data\mappers.dart:161:5 - avoid_print
   info - Don't invoke 'print' in production code - lib\shared\data\mappers.dart:162:5 - avoid_print
   info - Don't invoke 'print' in production code - lib\shared\data\mappers.dart:163:5 - avoid_print
   info - Unnecessary braces in a string interpolation - lib\shared\models\group_models.dart:140:13 - unnecessary_brace_in_string_interps
   info - 'withOpacity' is deprecated and shouldn't be used. Use .withValues() to avoid precision loss - lib\shared\widgets\cards\enhanced_student_card.dart:37:44 - deprecated_member_use
   info - 'withOpacity' is deprecated and shouldn't be used. Use .withValues() to avoid precision loss - lib\shared\widgets\cards\enhanced_student_card.dart:57:72 - deprecated_member_use
   info - 'withOpacity' is deprecated and shouldn't be used. Use .withValues() to avoid precision loss - lib\shared\widgets\cards\enhanced_student_card.dart:98:68 - deprecated_member_use
   info - 'withOpacity' is deprecated and shouldn't be used. Use .withValues() to avoid precision loss - lib\shared\widgets\cards\enhanced_student_card.dart:105:70 - deprecated_member_use
   info - 'withOpacity' is deprecated and shouldn't be used. Use .withValues() to avoid precision loss - lib\shared\widgets\cards\enhanced_student_card.dart:119:66 - deprecated_member_use
   info - 'withOpacity' is deprecated and shouldn't be used. Use .withValues() to avoid precision loss - lib\shared\widgets\cards\enhanced_student_card.dart:126:68 - deprecated_member_use
   info - 'withOpacity' is deprecated and shouldn't be used. Use .withValues() to avoid precision loss - lib\shared\widgets\cards\enhanced_student_card.dart:142:62 - deprecated_member_use
   info - 'withOpacity' is deprecated and shouldn't be used. Use .withValues() to avoid precision loss - lib\shared\widgets\cards\enhanced_student_card.dart:145:64 - deprecated_member_use
   info - 'withOpacity' is deprecated and shouldn't be used. Use .withValues() to avoid precision loss - lib\shared\widgets\cards\enhanced_student_card.dart:171:52 - deprecated_member_use
   info - 'withOpacity' is deprecated and shouldn't be used. Use .withValues() to avoid precision loss - lib\shared\widgets\cards\enhanced_student_card.dart:225:52 - deprecated_member_use
   info - 'withOpacity' is deprecated and shouldn't be used. Use .withValues() to avoid precision loss - lib\shared\widgets\cards\enhanced_student_card.dart:255:60 - deprecated_member_use
warning - The value of the field '_isHovered' isn't used - lib\shared\widgets\cards\stat_card.dart:44:8 - unused_field
   info - 'withOpacity' is deprecated and shouldn't be used. Use .withValues() to avoid precision loss - lib\shared\widgets\cards\stat_card.dart:102:59 - deprecated_member_use
   info - 'withOpacity' is deprecated and shouldn't be used. Use .withValues() to avoid precision loss - lib\shared\widgets\cards\stat_card.dart:103:42 - deprecated_member_use
   info - 'withOpacity' is deprecated and shouldn't be used. Use .withValues() to avoid precision loss - lib\shared\widgets\cards\stat_card.dart:110:40 - deprecated_member_use
   info - 'withOpacity' is deprecated and shouldn't be used. Use .withValues() to avoid precision loss - lib\shared\widgets\cards\stat_card.dart:111:40 - deprecated_member_use
   info - 'withOpacity' is deprecated and shouldn't be used. Use .withValues() to avoid precision loss - lib\shared\widgets\cards\stat_card.dart:127:48 - deprecated_member_use
   info - 'withOpacity' is deprecated and shouldn't be used. Use .withValues() to avoid precision loss - lib\shared\widgets\cards\stat_card.dart:128:45 - deprecated_member_use
   info - 'withOpacity' is deprecated and shouldn't be used. Use .withValues() to avoid precision loss - lib\shared\widgets\cards\stat_card.dart:185:44 - deprecated_member_use
   info - 'withOpacity' is deprecated and shouldn't be used. Use .withValues() to avoid precision loss - lib\shared\widgets\cards\stat_card.dart:204:50 - deprecated_member_use
   info - 'withOpacity' is deprecated and shouldn't be used. Use .withValues() to avoid precision loss - lib\shared\widgets\cards\stat_card.dart:205:47 - deprecated_member_use
   info - 'withOpacity' is deprecated and shouldn't be used. Use .withValues() to avoid precision loss - lib\shared\widgets\cards\stat_card.dart:219:52 - deprecated_member_use
   info - 'withOpacity' is deprecated and shouldn't be used. Use .withValues() to avoid precision loss - lib\shared\widgets\cards\stat_card.dart:251:28 - deprecated_member_use
   info - 'withOpacity' is deprecated and shouldn't be used. Use .withValues() to avoid precision loss - lib\shared\widgets\cards\stat_card.dart:252:26 - deprecated_member_use
   info - 'withOpacity' is deprecated and shouldn't be used. Use .withValues() to avoid precision loss - lib\shared\widgets\connectivity\connection_status_indicator.dart:37:43 - deprecated_member_use
   info - 'withOpacity' is deprecated and shouldn't be used. Use .withValues() to avoid precision loss - lib\shared\widgets\connectivity\connection_status_indicator.dart:43:50 - deprecated_member_use
   info - The import of 'package:flutter_bloc/flutter_bloc.dart' is unnecessary because all of the used elements are also provided by the import of 'package:provider/provider.dart' - lib\shared\widgets\layout\app_shell.dart:3:8 - unnecessary_import
   info - 'withOpacity' is deprecated and shouldn't be used. Use .withValues() to avoid precision loss - lib\shared\widgets\layout\app_shell.dart:152:43 - deprecated_member_use
   info - 'withOpacity' is deprecated and shouldn't be used. Use .withValues() to avoid precision loss - lib\shared\widgets\layout\app_shell.dart:153:34 - deprecated_member_use
   info - 'withOpacity' is deprecated and shouldn't be used. Use .withValues() to avoid precision loss - lib\shared\widgets\layout\app_shell.dart:157:36 - deprecated_member_use
   info - 'withOpacity' is deprecated and shouldn't be used. Use .withValues() to avoid precision loss - lib\shared\widgets\layout\app_shell.dart:158:36 - deprecated_member_use
   info - 'withOpacity' is deprecated and shouldn't be used. Use .withValues() to avoid precision loss - lib\shared\widgets\layout\app_shell.dart:162:39 - deprecated_member_use
   info - 'withOpacity' is deprecated and shouldn't be used. Use .withValues() to avoid precision loss - lib\shared\widgets\layout\app_shell.dart:193:56 - deprecated_member_use
   info - 'withOpacity' is deprecated and shouldn't be used. Use .withValues() to avoid precision loss - lib\shared\widgets\layout\app_shell.dart:216:50 - deprecated_member_use
   info - 'withOpacity' is deprecated and shouldn't be used. Use .withValues() to avoid precision loss - lib\shared\widgets\layout\app_shell.dart:273:38 - deprecated_member_use
   info - 'withOpacity' is deprecated and shouldn't be used. Use .withValues() to avoid precision loss - lib\shared\widgets\layout\app_shell.dart:307:32 - deprecated_member_use
   info - 'withOpacity' is deprecated and shouldn't be used. Use .withValues() to avoid precision loss - lib\shared\widgets\layout\app_shell.dart:308:37 - deprecated_member_use
   info - 'withOpacity' is deprecated and shouldn't be used. Use .withValues() to avoid precision loss - lib\shared\widgets\layout\app_shell.dart:312:34 - deprecated_member_use
   info - 'withOpacity' is deprecated and shouldn't be used. Use .withValues() to avoid precision loss - lib\shared\widgets\layout\app_shell.dart:313:39 - deprecated_member_use
   info - 'withOpacity' is deprecated and shouldn't be used. Use .withValues() to avoid precision loss - lib\shared\widgets\layout\app_shell.dart:322:66 - deprecated_member_use
   info - 'withOpacity' is deprecated and shouldn't be used. Use .withValues() to avoid precision loss - lib\shared\widgets\layout\app_shell.dart:340:50 - deprecated_member_use
   info - 'withOpacity' is deprecated and shouldn't be used. Use .withValues() to avoid precision loss - lib\shared\widgets\layout\app_shell.dart:368:33 - deprecated_member_use
   info - 'withOpacity' is deprecated and shouldn't be used. Use .withValues() to avoid precision loss - lib\shared\widgets\layout\app_shell.dart:409:46 - deprecated_member_use
   info - 'withOpacity' is deprecated and shouldn't be used. Use .withValues() to avoid precision loss - lib\shared\widgets\layout\app_shell.dart:450:42 - deprecated_member_use
   info - 'withOpacity' is deprecated and shouldn't be used. Use .withValues() to avoid precision loss - lib\shared\widgets\layout\app_shell.dart:461:36 - deprecated_member_use
   info - 'withOpacity' is deprecated and shouldn't be used. Use .withValues() to avoid precision loss - lib\shared\widgets\layout\app_shell.dart:488:35 - deprecated_member_use
   info - 'withOpacity' is deprecated and shouldn't be used. Use .withValues() to avoid precision loss - lib\shared\widgets\layout\app_shell.dart:489:42 - deprecated_member_use
   info - 'withOpacity' is deprecated and shouldn't be used. Use .withValues() to avoid precision loss - lib\shared\widgets\loading_indicator.dart:56:27 - deprecated_member_use
   info - 'withOpacity' is deprecated and shouldn't be used. Use .withValues() to avoid precision loss - lib\shared\widgets\navigation\app_sidebar.dart:171:38 - deprecated_member_use
   info - 'withOpacity' is deprecated and shouldn't be used. Use .withValues() to avoid precision loss - lib\shared\widgets\navigation\app_sidebar.dart:197:36 - deprecated_member_use
   info - 'withOpacity' is deprecated and shouldn't be used. Use .withValues() to avoid precision loss - lib\shared\widgets\navigation\app_sidebar.dart:258:47 - deprecated_member_use
   info - 'withOpacity' is deprecated and shouldn't be used. Use .withValues() to avoid precision loss - lib\shared\widgets\navigation\app_sidebar.dart:285:39 - deprecated_member_use
   info - 'withOpacity' is deprecated and shouldn't be used. Use .withValues() to avoid precision loss - lib\shared\widgets\navigation\app_sidebar.dart:322:41 - deprecated_member_use
   info - 'withOpacity' is deprecated and shouldn't be used. Use .withValues() to avoid precision loss - lib\shared\widgets\navigation\app_sidebar.dart:342:29 - deprecated_member_use
   info - 'withOpacity' is deprecated and shouldn't be used. Use .withValues() to avoid precision loss - lib\shared\widgets\navigation\app_sidebar.dart:379:41 - deprecated_member_use
   info - 'withOpacity' is deprecated and shouldn't be used. Use .withValues() to avoid precision loss - lib\shared\widgets\navigation\app_sidebar.dart:392:41 - deprecated_member_use
   info - 'withOpacity' is deprecated and shouldn't be used. Use .withValues() to avoid precision loss - lib\shared\widgets\navigation\app_sidebar.dart:394:60 - deprecated_member_use
   info - 'withOpacity' is deprecated and shouldn't be used. Use .withValues() to avoid precision loss - lib\shared\widgets\navigation\app_sidebar.dart:402:47 - deprecated_member_use
   info - 'withOpacity' is deprecated and shouldn't be used. Use .withValues() to avoid precision loss - lib\shared\widgets\navigation\app_sidebar.dart:429:53 - deprecated_member_use
   info - 'withOpacity' is deprecated and shouldn't be used. Use .withValues() to avoid precision loss - lib\shared\widgets\navigation\app_sidebar.dart:520:36 - deprecated_member_use
   info - 'withOpacity' is deprecated and shouldn't be used. Use .withValues() to avoid precision loss - lib\shared\widgets\navigation\app_sidebar.dart:526:41 - deprecated_member_use
   info - 'withOpacity' is deprecated and shouldn't be used. Use .withValues() to avoid precision loss - lib\shared\widgets\navigation\app_sidebar.dart:551:44 - deprecated_member_use
   info - 'withOpacity' is deprecated and shouldn't be used. Use .withValues() to avoid precision loss - lib\shared\widgets\navigation\app_sidebar.dart:602:36 - deprecated_member_use
warning - Unused import: '../../../core/constants/app_colors.dart' - lib\shared\widgets\offline\offline_banner.dart:4:8 - unused_import
   info - 'withOpacity' is deprecated and shouldn't be used. Use .withValues() to avoid precision loss - lib\shared\widgets\offline\offline_banner.dart:43:46 - deprecated_member_use
   info - 'withOpacity' is deprecated and shouldn't be used. Use .withValues() to avoid precision loss - lib\shared\widgets\offline\offline_banner.dart:56:47 - deprecated_member_use
   info - 'withOpacity' is deprecated and shouldn't be used. Use .withValues() to avoid precision loss - lib\shared\widgets\offline\offline_banner.dart:99:57 - deprecated_member_use
   info - 'withOpacity' is deprecated and shouldn't be used. Use .withValues() to avoid precision loss - lib\shared\widgets\offline\offline_banner.dart:143:36 - deprecated_member_use
   info - 'withOpacity' is deprecated and shouldn't be used. Use .withValues() to avoid precision loss - lib\shared\widgets\offline\offline_banner.dart:147:30 - deprecated_member_use
warning - Unused import: '../../../core/l10n/app_strings.dart' - lib\shared\widgets\search\filter_panel.dart:2:8 - unused_import
   info - 'withOpacity' is deprecated and shouldn't be used. Use .withValues() to avoid precision loss - lib\shared\widgets\search\filter_panel.dart:83:44 - deprecated_member_use
   info - 'withOpacity' is deprecated and shouldn't be used. Use .withValues() to avoid precision loss - lib\shared\widgets\search\filter_panel.dart:94:41 - deprecated_member_use
   info - 'withOpacity' is deprecated and shouldn't be used. Use .withValues() to avoid precision loss - lib\shared\widgets\search\filter_panel.dart:121:49 - deprecated_member_use
warning - This default clause is covered by the previous cases - lib\shared\widgets\search\filter_panel.dart:215:7 - unreachable_switch_default
warning - The value of the field '_visibleItems' isn't used - lib\shared\widgets\search\performance_optimized_list.dart:38:17 - unused_field
warning - The value of the field '_filterButtonKey' isn't used - lib\shared\widgets\search\search_filter_bar.dart:44:19 - unused_field
warning - This default clause is covered by the previous cases - lib\shared\widgets\sync\sync_status_indicator.dart:59:7 - unreachable_switch_default
warning - This default clause is covered by the previous cases - lib\shared\widgets\sync\sync_status_indicator.dart:227:7 - unreachable_switch_default
   info - 'withOpacity' is deprecated and shouldn't be used. Use .withValues() to avoid precision loss - lib\shared\widgets\user_message.dart:27:20 - deprecated_member_use
warning - This default clause is covered by the previous cases - lib\shared\widgets\user_message.dart:51:7 - unreachable_switch_default
warning - This default clause is covered by the previous cases - lib\shared\widgets\user_message.dart:65:7 - unreachable_switch_default

